Archive member included to satisfy reference by file (symbol)

C:/ST/STM32CubeIDE_1.13.2/STM32CubeIDE/plugins/com.st.stm32cube.ide.mcu.externaltools.gnu-tools-for-stm32.11.3.rel1.win32_1.1.1.202309131626/tools/bin/../lib/gcc/arm-none-eabi/11.3.1/../../../../arm-none-eabi/lib/thumb/v7e-m+fp/hard\libc_nano.a(libc_a-exit.o)
                              C:/ST/STM32CubeIDE_1.13.2/STM32CubeIDE/plugins/com.st.stm32cube.ide.mcu.externaltools.gnu-tools-for-stm32.11.3.rel1.win32_1.1.1.202309131626/tools/bin/../lib/gcc/arm-none-eabi/11.3.1/../../../../arm-none-eabi/lib/thumb/v7e-m+fp/hard/crt0.o (exit)
C:/ST/STM32CubeIDE_1.13.2/STM32CubeIDE/plugins/com.st.stm32cube.ide.mcu.externaltools.gnu-tools-for-stm32.11.3.rel1.win32_1.1.1.202309131626/tools/bin/../lib/gcc/arm-none-eabi/11.3.1/../../../../arm-none-eabi/lib/thumb/v7e-m+fp/hard\libc_nano.a(libc_a-strtoul.o)
                              ./Core/Src/main.o (strtoul)
C:/ST/STM32CubeIDE_1.13.2/STM32CubeIDE/plugins/com.st.stm32cube.ide.mcu.externaltools.gnu-tools-for-stm32.11.3.rel1.win32_1.1.1.202309131626/tools/bin/../lib/gcc/arm-none-eabi/11.3.1/../../../../arm-none-eabi/lib/thumb/v7e-m+fp/hard\libc_nano.a(libc_a-ctype_.o)
                              C:/ST/STM32CubeIDE_1.13.2/STM32CubeIDE/plugins/com.st.stm32cube.ide.mcu.externaltools.gnu-tools-for-stm32.11.3.rel1.win32_1.1.1.202309131626/tools/bin/../lib/gcc/arm-none-eabi/11.3.1/../../../../arm-none-eabi/lib/thumb/v7e-m+fp/hard\libc_nano.a(libc_a-strtoul.o) (_ctype_)
C:/ST/STM32CubeIDE_1.13.2/STM32CubeIDE/plugins/com.st.stm32cube.ide.mcu.externaltools.gnu-tools-for-stm32.11.3.rel1.win32_1.1.1.202309131626/tools/bin/../lib/gcc/arm-none-eabi/11.3.1/../../../../arm-none-eabi/lib/thumb/v7e-m+fp/hard\libc_nano.a(libc_a-findfp.o)
                              ./Middlewares/Third_Party/FreeRTOS/Source/tasks.o (__sf)
C:/ST/STM32CubeIDE_1.13.2/STM32CubeIDE/plugins/com.st.stm32cube.ide.mcu.externaltools.gnu-tools-for-stm32.11.3.rel1.win32_1.1.1.202309131626/tools/bin/../lib/gcc/arm-none-eabi/11.3.1/../../../../arm-none-eabi/lib/thumb/v7e-m+fp/hard\libc_nano.a(libc_a-fwalk.o)
                              C:/ST/STM32CubeIDE_1.13.2/STM32CubeIDE/plugins/com.st.stm32cube.ide.mcu.externaltools.gnu-tools-for-stm32.11.3.rel1.win32_1.1.1.202309131626/tools/bin/../lib/gcc/arm-none-eabi/11.3.1/../../../../arm-none-eabi/lib/thumb/v7e-m+fp/hard\libc_nano.a(libc_a-findfp.o) (_fwalk_sglue)
C:/ST/STM32CubeIDE_1.13.2/STM32CubeIDE/plugins/com.st.stm32cube.ide.mcu.externaltools.gnu-tools-for-stm32.11.3.rel1.win32_1.1.1.202309131626/tools/bin/../lib/gcc/arm-none-eabi/11.3.1/../../../../arm-none-eabi/lib/thumb/v7e-m+fp/hard\libc_nano.a(libc_a-printf.o)
                              ./Core/Src/at24cxx.o (printf)
C:/ST/STM32CubeIDE_1.13.2/STM32CubeIDE/plugins/com.st.stm32cube.ide.mcu.externaltools.gnu-tools-for-stm32.11.3.rel1.win32_1.1.1.202309131626/tools/bin/../lib/gcc/arm-none-eabi/11.3.1/../../../../arm-none-eabi/lib/thumb/v7e-m+fp/hard\libc_nano.a(libc_a-puts.o)
                              ./Core/Src/main.o (puts)
C:/ST/STM32CubeIDE_1.13.2/STM32CubeIDE/plugins/com.st.stm32cube.ide.mcu.externaltools.gnu-tools-for-stm32.11.3.rel1.win32_1.1.1.202309131626/tools/bin/../lib/gcc/arm-none-eabi/11.3.1/../../../../arm-none-eabi/lib/thumb/v7e-m+fp/hard\libc_nano.a(libc_a-stdio.o)
                              C:/ST/STM32CubeIDE_1.13.2/STM32CubeIDE/plugins/com.st.stm32cube.ide.mcu.externaltools.gnu-tools-for-stm32.11.3.rel1.win32_1.1.1.202309131626/tools/bin/../lib/gcc/arm-none-eabi/11.3.1/../../../../arm-none-eabi/lib/thumb/v7e-m+fp/hard\libc_nano.a(libc_a-findfp.o) (__sread)
C:/ST/STM32CubeIDE_1.13.2/STM32CubeIDE/plugins/com.st.stm32cube.ide.mcu.externaltools.gnu-tools-for-stm32.11.3.rel1.win32_1.1.1.202309131626/tools/bin/../lib/gcc/arm-none-eabi/11.3.1/../../../../arm-none-eabi/lib/thumb/v7e-m+fp/hard\libc_nano.a(libc_a-wbuf.o)
                              C:/ST/STM32CubeIDE_1.13.2/STM32CubeIDE/plugins/com.st.stm32cube.ide.mcu.externaltools.gnu-tools-for-stm32.11.3.rel1.win32_1.1.1.202309131626/tools/bin/../lib/gcc/arm-none-eabi/11.3.1/../../../../arm-none-eabi/lib/thumb/v7e-m+fp/hard\libc_nano.a(libc_a-puts.o) (__swbuf_r)
C:/ST/STM32CubeIDE_1.13.2/STM32CubeIDE/plugins/com.st.stm32cube.ide.mcu.externaltools.gnu-tools-for-stm32.11.3.rel1.win32_1.1.1.202309131626/tools/bin/../lib/gcc/arm-none-eabi/11.3.1/../../../../arm-none-eabi/lib/thumb/v7e-m+fp/hard\libc_nano.a(libc_a-wsetup.o)
                              C:/ST/STM32CubeIDE_1.13.2/STM32CubeIDE/plugins/com.st.stm32cube.ide.mcu.externaltools.gnu-tools-for-stm32.11.3.rel1.win32_1.1.1.202309131626/tools/bin/../lib/gcc/arm-none-eabi/11.3.1/../../../../arm-none-eabi/lib/thumb/v7e-m+fp/hard\libc_nano.a(libc_a-puts.o) (__swsetup_r)
C:/ST/STM32CubeIDE_1.13.2/STM32CubeIDE/plugins/com.st.stm32cube.ide.mcu.externaltools.gnu-tools-for-stm32.11.3.rel1.win32_1.1.1.202309131626/tools/bin/../lib/gcc/arm-none-eabi/11.3.1/../../../../arm-none-eabi/lib/thumb/v7e-m+fp/hard\libc_nano.a(libc_a-memset.o)
[...]
Memory Configuration

Name             Origin             Length             Attributes
CCMRAM           0x0000000010000000 0x0000000000010000 xrw
RAM              0x0000000020000000 0x0000000000020000 xrw
FLASH            0x0000000008000000 0x0000000000080000 xr
*default*        0x0000000000000000 0xffffffffffffffff

Linker script and memory map

LOAD C:/ST/STM32CubeIDE_1.13.2/STM32CubeIDE/plugins/com.st.stm32cube.ide.mcu.externaltools.gnu-tools-for-stm32.11.3.rel1.win32_1.1.1.202309131626/tools/bin/../lib/gcc/arm-none-eabi/11.3.1/thumb/v7e-m+fp/hard/crti.o
LOAD C:/ST/STM32CubeIDE_1.13.2/STM32CubeIDE/plugins/com.st.stm32cube.ide.mcu.externaltools.gnu-tools-for-stm32.11.3.rel1.win32_1.1.1.202309131626/tools/bin/../lib/gcc/arm-none-eabi/11.3.1/thumb/v7e-m+fp/hard/crtbegin.o
LOAD C:/ST/STM32CubeIDE_1.13.2/STM32CubeIDE/plugins/com.st.stm32cube.ide.mcu.externaltools.gnu-tools-for-stm32.11.3.rel1.win32_1.1.1.202309131626/tools/bin/../lib/gcc/arm-none-eabi/11.3.1/../../../../arm-none-eabi/lib/thumb/v7e-m+fp/hard/crt0.o
LOAD ./Core/Src/at24cxx.o
LOAD ./Core/Src/df2301q.o
LOAD ./Core/Src/freertos.o
LOAD ./Core/Src/main.o
LOAD ./Core/Src/mg4005.o
LOAD ./Core/Src/stm32f4xx_hal_msp.o
LOAD ./Core/Src/stm32f4xx_hal_timebase_tim.o
LOAD ./Core/Src/stm32f4xx_it.o
LOAD ./Core/Src/syscalls.o
LOAD ./Core/Src/sysmem.o
LOAD ./Core/Src/system_stm32f4xx.o
LOAD ./Core/Src/xl430.o
LOAD ./Core/Startup/startup_stm32f407vetx.o
LOAD ./Drivers/STM32F4xx_HAL_Driver/Src/stm32f4xx_hal.o
LOAD ./Drivers/STM32F4xx_HAL_Driver/Src/stm32f4xx_hal_can.o
LOAD ./Drivers/STM32F4xx_HAL_Driver/Src/stm32f4xx_hal_cortex.o
LOAD ./Drivers/STM32F4xx_HAL_Driver/Src/stm32f4xx_hal_dma.o
LOAD ./Drivers/STM32F4xx_HAL_Driver/Src/stm32f4xx_hal_dma_ex.o
LOAD ./Drivers/STM32F4xx_HAL_Driver/Src/stm32f4xx_hal_exti.o
LOAD ./Drivers/STM32F4xx_HAL_Driver/Src/stm32f4xx_hal_flash.o
LOAD ./Drivers/STM32F4xx_HAL_Driver/Src/stm32f4xx_hal_flash_ex.o
LOAD ./Drivers/STM32F4xx_HAL_Driver/Src/stm32f4xx_hal_flash_ramfunc.o
LOAD ./Drivers/STM32F4xx_HAL_Driver/Src/stm32f4xx_hal_gpio.o
LOAD ./Drivers/STM32F4xx_HAL_Driver/Src/stm32f4xx_hal_i2c.o
LOAD ./Drivers/STM32F4xx_HAL_Driver/Src/stm32f4xx_hal_i2c_ex.o
LOAD ./Drivers/STM32F4xx_HAL_Driver/Src/stm32f4xx_hal_pwr.o
LOAD ./Drivers/STM32F4xx_HAL_Driver/Src/stm32f4xx_hal_pwr_ex.o
LOAD ./Drivers/STM32F4xx_HAL_Driver/Src/stm32f4xx_hal_rcc.o
LOAD ./Drivers/STM32F4xx_HAL_Driver/Src/stm32f4xx_hal_rcc_ex.o
LOAD ./Drivers/STM32F4xx_HAL_Driver/Src/stm32f4xx_hal_tim.o
LOAD ./Drivers/STM32F4xx_HAL_Driver/Src/stm32f4xx_hal_tim_ex.o
LOAD ./Drivers/STM32F4xx_HAL_Driver/Src/stm32f4xx_hal_uart.o
LOAD ./Middlewares/Third_Party/FreeRTOS/Source/CMSIS_RTOS_V2/cmsis_os2.o
LOAD ./Middlewares/Third_Party/FreeRTOS/Source/croutine.o
LOAD ./Middlewares/Third_Party/FreeRTOS/Source/event_groups.o
LOAD ./Middlewares/Third_Party/FreeRTOS/Source/list.o
LOAD ./Middlewares/Third_Party/FreeRTOS/Source/queue.o
LOAD ./Middlewares/Third_Party/FreeRTOS/Source/stream_buffer.o
LOAD ./Middlewares/Third_Party/FreeRTOS/Source/tasks.o
LOAD ./Middlewares/Third_Party/FreeRTOS/Source/timers.o
LOAD ./Middlewares/Third_Party/FreeRTOS/Source/portable/GCC/ARM_CM4F/port.o
LOAD ./Middlewares/Third_Party/FreeRTOS/Source/portable/MemMang/heap_4.o
START GROUP
LOAD C:/ST/STM32CubeIDE_1.13.2/STM32CubeIDE/plugins/com.st.stm32cube.ide.mcu.externaltools.gnu-tools-for-stm32.11.3.rel1.win32_1.1.1.202309131626/tools/bin/../lib/gcc/arm-none-eabi/11.3.1/../../../../arm-none-eabi/lib/thumb/v7e-m+fp/hard\libc_nano.a
LOAD C:/ST/STM32CubeIDE_1.13.2/STM32CubeIDE/plugins/com.st.stm32cube.ide.mcu.externaltools.gnu-tools-for-stm32.11.3.rel1.win32_1.1.1.202309131626/tools/bin/../lib/gcc/arm-none-eabi/11.3.1/../../../../arm-none-eabi/lib/thumb/v7e-m+fp/hard\libm.a
END GROUP
START GROUP
LOAD C:/ST/STM32CubeIDE_1.13.2/STM32CubeIDE/plugins/com.st.stm32cube.ide.mcu.externaltools.gnu-tools-for-stm32.11.3.rel1.win32_1.1.1.202309131626/tools/bin/../lib/gcc/arm-none-eabi/11.3.1/thumb/v7e-m+fp/hard\libgcc.a
LOAD C:/ST/STM32CubeIDE_1.13.2/STM32CubeIDE/plugins/com.st.stm32cube.ide.mcu.externaltools.gnu-tools-for-stm32.11.3.rel1.win32_1.1.1.202309131626/tools/bin/../lib/gcc/arm-none-eabi/11.3.1/../../../../arm-none-eabi/lib/thumb/v7e-m+fp/hard\libc_nano.a
END GROUP
START GROUP
LOAD C:/ST/STM32CubeIDE_1.13.2/STM32CubeIDE/plugins/com.st.stm32cube.ide.mcu.externaltools.gnu-tools-for-stm32.11.3.rel1.win32_1.1.1.202309131626/tools/bin/../lib/gcc/arm-none-eabi/11.3.1/thumb/v7e-m+fp/hard\libgcc.a
LOAD C:/ST/STM32CubeIDE_1.13.2/STM32CubeIDE/plugins/com.st.stm32cube.ide.mcu.externaltools.gnu-tools-for-stm32.11.3.rel1.win32_1.1.1.202309131626/tools/bin/../lib/gcc/arm-none-eabi/11.3.1/../../../../arm-none-eabi/lib/thumb/v7e-m+fp/hard\libc_nano.a
LOAD C:/ST/STM32CubeIDE_1.13.2/STM32CubeIDE/plugins/com.st.stm32cube.ide.mcu.externaltools.gnu-tools-for-stm32.11.3.rel1.win32_1.1.1.202309131626/tools/bin/../lib/gcc/arm-none-eabi/11.3.1/../../../../arm-none-eabi/lib/thumb/v7e-m+fp/hard\libnosys.a
END GROUP
START GROUP
LOAD C:/ST/STM32CubeIDE_1.13.2/STM32CubeIDE/plugins/com.st.stm32cube.ide.mcu.externaltools.gnu-tools-for-stm32.11.3.rel1.win32_1.1.1.202309131626/tools/bin/../lib/gcc/arm-none-eabi/11.3.1/thumb/v7e-m+fp/hard\libgcc.a
LOAD C:/ST/STM32CubeIDE_1.13.2/STM32CubeIDE/plugins/com.st.stm32cube.ide.mcu.externaltools.gnu-tools-for-stm32.11.3.rel1.win32_1.1.1.202309131626/tools/bin/../lib/gcc/arm-none-eabi/11.3.1/../../../../arm-none-eabi/lib/thumb/v7e-m+fp/hard\libc_nano.a
LOAD C:/ST/STM32CubeIDE_1.13.2/STM32CubeIDE/plugins/com.st.stm32cube.ide.mcu.externaltools.gnu-tools-for-stm32.11.3.rel1.win32_1.1.1.202309131626/tools/bin/../lib/gcc/arm-none-eabi/11.3.1/../../../../arm-none-eabi/lib/thumb/v7e-m+fp/hard\libnosys.a
END GROUP
LOAD C:/ST/STM32CubeIDE_1.13.2/STM32CubeIDE/plugins/com.st.stm32cube.ide.mcu.externaltools.gnu-tools-for-stm32.11.3.rel1.win32_1.1.1.202309131626/tools/bin/../lib/gcc/arm-none-eabi/11.3.1/thumb/v7e-m+fp/hard/crtend.o
LOAD C:/ST/STM32CubeIDE_1.13.2/STM32CubeIDE/plugins/com.st.stm32cube.ide.mcu.externaltools.gnu-tools-for-stm32.11.3.rel1.win32_1.1.1.202309131626/tools/bin/../lib/gcc/arm-none-eabi/11.3.1/thumb/v7e-m+fp/hard/crtn.o
                0x0000000020020000                _estack = (ORIGIN (RAM) + LENGTH (RAM))
                0x0000000000000200                _Min_Heap_Size = 0x200
                0x0000000000000400                _Min_Stack_Size = 0x400

.isr_vector     0x0000000008000000      0x188
                0x0000000008000000                . = ALIGN (0x4)
 *(.isr_vector)
 .isr_vector    0x0000000008000000      0x188 ./Core/Startup/startup_stm32f407vetx.o
                0x0000000008000000                g_pfnVectors
                0x0000000008000188                . = ALIGN (0x4)

.text           0x0000000008000190     0xc908
                0x0000000008000190                . = ALIGN (0x4)
 *(.text)
 .text          0x0000000008000190       0x40 C:/ST/STM32CubeIDE_1.13.2/STM32CubeIDE/plugins/com.st.stm32cube.ide.mcu.externaltools.gnu-tools-for-stm32.11.3.rel1.win32_1.1.1.202309131626/tools/bin/../lib/gcc/arm-none-eabi/11.3.1/thumb/v7e-m+fp/hard/crtbegin.o
 .text          0x00000000080001d0       0x14 C:/ST/STM32CubeIDE_1.13.2/STM32CubeIDE/plugins/com.st.stm32cube.ide.mcu.externaltools.gnu-tools-for-stm32.11.3.rel1.win32_1.1.1.202309131626/tools/bin/../lib/gcc/arm-none-eabi/11.3.1/../../../../arm-none-eabi/lib/thumb/v7e-m+fp/hard\libc_nano.a(libc_a-strcmp.o)
                0x00000000080001d0                strcmp
 *fill*         0x00000000080001e4        0xc 
 .text          0x00000000080001f0       0xa0 C:/ST/STM32CubeIDE_1.13.2/STM32CubeIDE/plugins/com.st.stm32cube.ide.mcu.externaltools.gnu-tools-for-stm32.11.3.rel1.win32_1.1.1.202309131626/tools/bin/../lib/gcc/arm-none-eabi/11.3.1/../../../../arm-none-eabi/lib/thumb/v7e-m+fp/hard\libc_nano.a(libc_a-memchr.o)
                0x00000000080001f0                memchr
 .text          0x0000000008000290       0x30 C:/ST/STM32CubeIDE_1.13.2/STM32CubeIDE/plugins/com.st.stm32cube.ide.mcu.externaltools.gnu-tools-for-stm32.11.3.rel1.win32_1.1.1.202309131626/tools/bin/../lib/gcc/arm-none-eabi/11.3.1/thumb/v7e-m+fp/hard\libgcc.a(_aeabi_uldivmod.o)
                0x0000000008000290                __aeabi_uldivmod
 .text          0x00000000080002c0      0x2c8 C:/ST/STM32CubeIDE_1.13.2/STM32CubeIDE/plugins/com.st.stm32cube.ide.mcu.externaltools.gnu-tools-for-stm32.11.3.rel1.win32_1.1.1.202309131626/tools/bin/../lib/gcc/arm-none-eabi/11.3.1/thumb/v7e-m+fp/hard\libgcc.a(_udivmoddi4.o)
                0x00000000080002c0                __udivmoddi4
 .text          0x0000000008000588        0x4 C:/ST/STM32CubeIDE_1.13.2/STM32CubeIDE/plugins/com.st.stm32cube.ide.mcu.externaltools.gnu-tools-for-stm32.11.3.rel1.win32_1.1.1.202309131626/tools/bin/../lib/gcc/arm-none-eabi/11.3.1/thumb/v7e-m+fp/hard\libgcc.a(_dvmd_tls.o)
                0x0000000008000588                __aeabi_idiv0
                0x0000000008000588                __aeabi_ldiv0
 *(.text*)
 .text.ITM_SendChar
                0x000000000800058c       0x4e ./Core/Src/at24cxx.o
 .text._write   0x00000000080005da       0x38 ./Core/Src/at24cxx.o
                0x00000000080005da                _write
 *fill*         0x0000000008000612        0x2 
 .text.AT24Write
                0x0000000008000614       0x60 ./Core/Src/at24cxx.o
                0x0000000008000614                AT24Write
 .text.AT24Read
                0x0000000008000674       0x60 ./Core/Src/at24cxx.o
                0x0000000008000674                AT24Read
 .text.DF2301QGetCMDID
                0x00000000080006d4       0x34 ./Core/Src/df2301q.o
                0x00000000080006d4                DF2301QGetCMDID
 .text.DF2301QSetMuteMode
                0x0000000008000708       0x44 ./Core/Src/df2301q.o
                0x0000000008000708                DF2301QSetMuteMode
 .text.main     0x000000000800074c      0x1cc ./Core/Src/main.o
                0x000000000800074c                main
 .text.SystemClock_Config
                0x0000000008000918       0xd4 ./Core/Src/main.o
                0x0000000008000918                SystemClock_Config
 .text.MX_CAN2_Init
                0x00000000080009ec       0x6c ./Core/Src/main.o
 .text.MX_I2C1_Init
                0x0000000008000a58       0x5c ./Core/Src/main.o
 .text.MX_USART2_UART_Init
                0x0000000008000ab4       0x54 ./Core/Src/main.o
 .text.MX_USART3_UART_Init
                0x0000000008000b08       0x54 ./Core/Src/main.o
 .text.MX_GPIO_Init
                0x0000000008000b5c       0xc0 ./Core/Src/main.o
 .text.HAL_UART_RxCpltCallback
                0x0000000008000c1c       0x2c ./Core/Src/main.o
                0x0000000008000c1c                HAL_UART_RxCpltCallback
 .text.HAL_I2C_MemRxCpltCallback
                0x0000000008000c48       0x2c ./Core/Src/main.o
                0x0000000008000c48                HAL_I2C_MemRxCpltCallback
 .text.PosSetDataParsing
                0x0000000008000c74       0x98 ./Core/Src/main.o
                0x0000000008000c74                PosSetDataParsing
 .text.posSingleDataParsing
                0x0000000008000d0c       0x32 ./Core/Src/main.o
                0x0000000008000d0c                posSingleDataParsing
 *fill*         0x0000000008000d3e        0x2 
 .text.PosSaveDataParsing
                0x0000000008000d40      0x13c ./Core/Src/main.o
                0x0000000008000d40                PosSaveDataParsing
 .text.PosSaveDataDecode
                0x0000000008000e7c       0xb8 ./Core/Src/main.o
                0x0000000008000e7c                PosSaveDataDecode
 .text.StartDefaultTask
                0x0000000008000f34       0x10 ./Core/Src/main.o
                0x0000000008000f34                StartDefaultTask
 .text.VoiceInterrupt
                0x0000000008000f44       0x70 ./Core/Src/main.o
                0x0000000008000f44                VoiceInterrupt
 .text.Motor    0x0000000008000fb4      0x440 ./Core/Src/main.o
                0x0000000008000fb4                Motor
 .text.DataParse
                0x00000000080013f4      0x440 ./Core/Src/main.o
                0x00000000080013f4                DataParse
 .text.GetVoiceCmd
                0x0000000008001834       0x14 ./Core/Src/main.o
                0x0000000008001834                GetVoiceCmd
 .text.BLEInterrupt
                0x0000000008001848      0x294 ./Core/Src/main.o
                0x0000000008001848                BLEInterrupt
 .text.HAL_TIM_PeriodElapsedCallback
                0x0000000008001adc       0x24 ./Core/Src/main.o
                0x0000000008001adc                HAL_TIM_PeriodElapsedCallback
 .text.Error_Handler
                0x0000000008001b00        0xa ./Core/Src/main.o
                0x0000000008001b00                Error_Handler
 *fill*         0x0000000008001b0a        0x2 
 .text.InitCANFilter
                0x0000000008001b0c       0x64 ./Core/Src/mg4005.o
                0x0000000008001b0c                InitCANFilter
 .text.MG4005Commend
                0x0000000008001b70       0xa4 ./Core/Src/mg4005.o
                0x0000000008001b70                MG4005Commend
 .text.MG4005MultiLoop2
                0x0000000008001c14       0x64 ./Core/Src/mg4005.o
                0x0000000008001c14                MG4005MultiLoop2
 .text.HAL_MspInit
                0x0000000008001c78       0x58 ./Core/Src/stm32f4xx_hal_msp.o
                0x0000000008001c78                HAL_MspInit
 .text.HAL_CAN_MspInit
                0x0000000008001cd0       0xac ./Core/Src/stm32f4xx_hal_msp.o
                0x0000000008001cd0                HAL_CAN_MspInit
 .text.HAL_I2C_MspInit
                0x0000000008001d7c       0xa0 ./Core/Src/stm32f4xx_hal_msp.o
                0x0000000008001d7c                HAL_I2C_MspInit
 .text.HAL_UART_MspInit
                0x0000000008001e1c      0x10c ./Core/Src/stm32f4xx_hal_msp.o
                0x0000000008001e1c                HAL_UART_MspInit
 .text.HAL_InitTick
                0x0000000008001f28       0xf8 ./Core/Src/stm32f4xx_hal_timebase_tim.o
                0x0000000008001f28                HAL_InitTick
 .text.NMI_Handler
                0x0000000008002020        0x6 ./Core/Src/stm32f4xx_it.o
                0x0000000008002020                NMI_Handler
 .text.HardFault_Handler
                0x0000000008002026        0x6 ./Core/Src/stm32f4xx_it.o
                0x0000000008002026                HardFault_Handler
 .text.MemManage_Handler
                0x000000000800202c        0x6 ./Core/Src/stm32f4xx_it.o
                0x000000000800202c                MemManage_Handler
 .text.BusFault_Handler
                0x0000000008002032        0x6 ./Core/Src/stm32f4xx_it.o
                0x0000000008002032                BusFault_Handler
 .text.UsageFault_Handler
                0x0000000008002038        0x6 ./Core/Src/stm32f4xx_it.o
                0x0000000008002038                UsageFault_Handler
 .text.DebugMon_Handler
                0x000000000800203e        0xe ./Core/Src/stm32f4xx_it.o
                0x000000000800203e                DebugMon_Handler
 .text.I2C1_EV_IRQHandler
                0x000000000800204c       0x14 ./Core/Src/stm32f4xx_it.o
                0x000000000800204c                I2C1_EV_IRQHandler
 .text.USART2_IRQHandler
                0x0000000008002060       0x14 ./Core/Src/stm32f4xx_it.o
                0x0000000008002060                USART2_IRQHandler
 .text.TIM6_DAC_IRQHandler
                0x0000000008002074       0x14 ./Core/Src/stm32f4xx_it.o
                0x0000000008002074                TIM6_DAC_IRQHandler
 .text._read    0x0000000008002088       0x3a ./Core/Src/syscalls.o
                0x0000000008002088                _read
 .text._close   0x00000000080020c2       0x18 ./Core/Src/syscalls.o
                0x00000000080020c2                _close
 .text._fstat   0x00000000080020da       0x20 ./Core/Src/syscalls.o
                0x00000000080020da                _fstat
 .text._isatty  0x00000000080020fa       0x16 ./Core/Src/syscalls.o
                0x00000000080020fa                _isatty
 .text._lseek   0x0000000008002110       0x1a ./Core/Src/syscalls.o
                0x0000000008002110                _lseek
 *fill*         0x000000000800212a        0x2 
 .text._sbrk    0x000000000800212c       0x6c ./Core/Src/sysmem.o
                0x000000000800212c                _sbrk
 .text.SystemInit
                0x0000000008002198       0x24 ./Core/Src/system_stm32f4xx.o
                0x0000000008002198                SystemInit
 .text.update_crc
                0x00000000080021bc      0x12c ./Core/Src/xl430.o
                0x00000000080021bc                update_crc
 .text.xl430Cmd
                0x00000000080022e8       0xb8 ./Core/Src/xl430.o
                0x00000000080022e8                xl430Cmd
 .text.xl430TorqueEnable
                0x00000000080023a0       0x40 ./Core/Src/xl430.o
                0x00000000080023a0                xl430TorqueEnable
 .text.xl430GoalPos
                0x00000000080023e0       0x68 ./Core/Src/xl430.o
                0x00000000080023e0                xl430GoalPos
 .text.xl430ProfVelo
                0x0000000008002448       0x44 ./Core/Src/xl430.o
                0x0000000008002448                xl430ProfVelo
 .text.Reset_Handler
                0x000000000800248c       0x50 ./Core/Startup/startup_stm32f407vetx.o
                0x000000000800248c                Reset_Handler
 .text.Default_Handler
                0x00000000080024dc        0x2 ./Core/Startup/startup_stm32f407vetx.o
                0x00000000080024dc                RTC_Alarm_IRQHandler
                0x00000000080024dc                HASH_RNG_IRQHandler
                0x00000000080024dc                EXTI2_IRQHandler
                0x00000000080024dc                TIM8_CC_IRQHandler
                0x00000000080024dc                TIM1_CC_IRQHandler
                0x00000000080024dc                DMA2_Stream5_IRQHandler
                0x00000000080024dc                DMA1_Stream5_IRQHandler
                0x00000000080024dc                PVD_IRQHandler
                0x00000000080024dc                SDIO_IRQHandler
                0x00000000080024dc                TAMP_STAMP_IRQHandler
                0x00000000080024dc                CAN2_RX1_IRQHandler
                0x00000000080024dc                EXTI3_IRQHandler
                0x00000000080024dc                TIM8_TRG_COM_TIM14_IRQHandler
                0x00000000080024dc                TIM1_UP_TIM10_IRQHandler
                0x00000000080024dc                TIM8_UP_TIM13_IRQHandler
                0x00000000080024dc                I2C3_ER_IRQHandler
                0x00000000080024dc                EXTI0_IRQHandler
                0x00000000080024dc                I2C2_EV_IRQHandler
                0x00000000080024dc                DMA1_Stream2_IRQHandler
                0x00000000080024dc                CAN1_RX0_IRQHandler
                0x00000000080024dc                FPU_IRQHandler
                0x00000000080024dc                OTG_HS_WKUP_IRQHandler
                0x00000000080024dc                CAN2_SCE_IRQHandler
                0x00000000080024dc                DMA2_Stream2_IRQHandler
                0x00000000080024dc                SPI1_IRQHandler
                0x00000000080024dc                TIM1_BRK_TIM9_IRQHandler
                0x00000000080024dc                DCMI_IRQHandler
                0x00000000080024dc                CAN2_RX0_IRQHandler
                0x00000000080024dc                DMA2_Stream3_IRQHandler
                0x00000000080024dc                USART6_IRQHandler
                0x00000000080024dc                USART3_IRQHandler
                0x00000000080024dc                CAN1_RX1_IRQHandler
                0x00000000080024dc                UART5_IRQHandler
                0x00000000080024dc                DMA2_Stream0_IRQHandler
                0x00000000080024dc                TIM4_IRQHandler
                0x00000000080024dc                DMA1_Stream6_IRQHandler
                0x00000000080024dc                DMA1_Stream1_IRQHandler
                0x00000000080024dc                UART4_IRQHandler
                0x00000000080024dc                TIM3_IRQHandler
                0x00000000080024dc                RCC_IRQHandler
                0x00000000080024dc                TIM8_BRK_TIM12_IRQHandler
                0x00000000080024dc                Default_Handler
                0x00000000080024dc                EXTI15_10_IRQHandler
                0x00000000080024dc                ADC_IRQHandler
                0x00000000080024dc                DMA1_Stream7_IRQHandler
                0x00000000080024dc                TIM7_IRQHandler
                0x00000000080024dc                CAN2_TX_IRQHandler
                0x00000000080024dc                TIM5_IRQHandler
                0x00000000080024dc                DMA2_Stream7_IRQHandler
                0x00000000080024dc                I2C3_EV_IRQHandler
                0x00000000080024dc                EXTI9_5_IRQHandler
                0x00000000080024dc                RTC_WKUP_IRQHandler
                0x00000000080024dc                ETH_WKUP_IRQHandler
                0x00000000080024dc                SPI2_IRQHandler
                0x00000000080024dc                OTG_HS_EP1_IN_IRQHandler
                0x00000000080024dc                DMA1_Stream0_IRQHandler
                0x00000000080024dc                CAN1_TX_IRQHandler
                0x00000000080024dc                EXTI4_IRQHandler
                0x00000000080024dc                FSMC_IRQHandler
                0x00000000080024dc                ETH_IRQHandler
                0x00000000080024dc                OTG_HS_EP1_OUT_IRQHandler
                0x00000000080024dc                WWDG_IRQHandler
                0x00000000080024dc                TIM2_IRQHandler
                0x00000000080024dc                OTG_FS_WKUP_IRQHandler
                0x00000000080024dc                TIM1_TRG_COM_TIM11_IRQHandler
                0x00000000080024dc                OTG_HS_IRQHandler
                0x00000000080024dc                EXTI1_IRQHandler
                0x00000000080024dc                I2C2_ER_IRQHandler
                0x00000000080024dc                DMA2_Stream1_IRQHandler
                0x00000000080024dc                CAN1_SCE_IRQHandler
                0x00000000080024dc                FLASH_IRQHandler
                0x00000000080024dc                DMA2_Stream4_IRQHandler
                0x00000000080024dc                USART1_IRQHandler
                0x00000000080024dc                OTG_FS_IRQHandler
                0x00000000080024dc                SPI3_IRQHandler
                0x00000000080024dc                DMA1_Stream4_IRQHandler
                0x00000000080024dc                I2C1_ER_IRQHandler
                0x00000000080024dc                DMA2_Stream6_IRQHandler
                0x00000000080024dc                DMA1_Stream3_IRQHandler
 *fill*         0x00000000080024de        0x2 
 .text.HAL_Init
                0x00000000080024e0       0x44 ./Drivers/STM32F4xx_HAL_Driver/Src/stm32f4xx_hal.o
                0x00000000080024e0                HAL_Init
 .text.HAL_IncTick
                0x0000000008002524       0x28 ./Drivers/STM32F4xx_HAL_Driver/Src/stm32f4xx_hal.o
                0x0000000008002524                HAL_IncTick
 .text.HAL_GetTick
                0x000000000800254c       0x18 ./Drivers/STM32F4xx_HAL_Driver/Src/stm32f4xx_hal.o
                0x000000000800254c                HAL_GetTick
 .text.HAL_Delay
                0x0000000008002564       0x48 ./Drivers/STM32F4xx_HAL_Driver/Src/stm32f4xx_hal.o
                0x0000000008002564                HAL_Delay
 .text.HAL_CAN_Init
                0x00000000080025ac      0x1f6 ./Drivers/STM32F4xx_HAL_Driver/Src/stm32f4xx_hal_can.o
                0x00000000080025ac                HAL_CAN_Init
 *fill*         0x00000000080027a2        0x2 
 .text.HAL_CAN_ConfigFilter
                0x00000000080027a4      0x1c0 ./Drivers/STM32F4xx_HAL_Driver/Src/stm32f4xx_hal_can.o
                0x00000000080027a4                HAL_CAN_ConfigFilter
 .text.HAL_CAN_Start
                0x0000000008002964       0x88 ./Drivers/STM32F4xx_HAL_Driver/Src/stm32f4xx_hal_can.o
                0x0000000008002964                HAL_CAN_Start
 .text.HAL_CAN_AddTxMessage
                0x00000000080029ec      0x1b6 ./Drivers/STM32F4xx_HAL_Driver/Src/stm32f4xx_hal_can.o
                0x00000000080029ec                HAL_CAN_AddTxMessage
 .text.HAL_CAN_GetTxMailboxesFreeLevel
                0x0000000008002ba2       0x6a ./Drivers/STM32F4xx_HAL_Driver/Src/stm32f4xx_hal_can.o
                0x0000000008002ba2                HAL_CAN_GetTxMailboxesFreeLevel
 .text.HAL_CAN_ActivateNotification
                0x0000000008002c0c       0x4c ./Drivers/STM32F4xx_HAL_Driver/Src/stm32f4xx_hal_can.o
                0x0000000008002c0c                HAL_CAN_ActivateNotification
 .text.__NVIC_SetPriorityGrouping
                0x0000000008002c58       0x48 ./Drivers/STM32F4xx_HAL_Driver/Src/stm32f4xx_hal_cortex.o
 .text.__NVIC_GetPriorityGrouping
                0x0000000008002ca0       0x1c ./Drivers/STM32F4xx_HAL_Driver/Src/stm32f4xx_hal_cortex.o
 .text.__NVIC_EnableIRQ
                0x0000000008002cbc       0x3c ./Drivers/STM32F4xx_HAL_Driver/Src/stm32f4xx_hal_cortex.o
 .text.__NVIC_SetPriority
                0x0000000008002cf8       0x54 ./Drivers/STM32F4xx_HAL_Driver/Src/stm32f4xx_hal_cortex.o
 .text.NVIC_EncodePriority
                0x0000000008002d4c       0x66 ./Drivers/STM32F4xx_HAL_Driver/Src/stm32f4xx_hal_cortex.o
 .text.HAL_NVIC_SetPriorityGrouping
                0x0000000008002db2       0x16 ./Drivers/STM32F4xx_HAL_Driver/Src/stm32f4xx_hal_cortex.o
                0x0000000008002db2                HAL_NVIC_SetPriorityGrouping
 .text.HAL_NVIC_SetPriority
                0x0000000008002dc8       0x38 ./Drivers/STM32F4xx_HAL_Driver/Src/stm32f4xx_hal_cortex.o
                0x0000000008002dc8                HAL_NVIC_SetPriority
 .text.HAL_NVIC_EnableIRQ
                0x0000000008002e00       0x1c ./Drivers/STM32F4xx_HAL_Driver/Src/stm32f4xx_hal_cortex.o
                0x0000000008002e00                HAL_NVIC_EnableIRQ
 .text.HAL_DMA_Abort
                0x0000000008002e1c       0xe0 ./Drivers/STM32F4xx_HAL_Driver/Src/stm32f4xx_hal_dma.o
                0x0000000008002e1c                HAL_DMA_Abort
 .text.HAL_DMA_Abort_IT
                0x0000000008002efc       0x44 ./Drivers/STM32F4xx_HAL_Driver/Src/stm32f4xx_hal_dma.o
                0x0000000008002efc                HAL_DMA_Abort_IT
 .text.HAL_DMA_GetState
                0x0000000008002f40       0x1c ./Drivers/STM32F4xx_HAL_Driver/Src/stm32f4xx_hal_dma.o
                0x0000000008002f40                HAL_DMA_GetState
 .text.HAL_GPIO_Init
                0x0000000008002f5c      0x338 ./Drivers/STM32F4xx_HAL_Driver/Src/stm32f4xx_hal_gpio.o
                0x0000000008002f5c                HAL_GPIO_Init
 .text.HAL_GPIO_WritePin
                0x0000000008003294       0x32 ./Drivers/STM32F4xx_HAL_Driver/Src/stm32f4xx_hal_gpio.o
                0x0000000008003294                HAL_GPIO_WritePin
 *fill*         0x00000000080032c6        0x2 
 .text.HAL_I2C_Init
                0x00000000080032c8      0x288 ./Drivers/STM32F4xx_HAL_Driver/Src/stm32f4xx_hal_i2c.o
                0x00000000080032c8                HAL_I2C_Init
 .text.HAL_I2C_Mem_Write
                0x0000000008003550      0x1f4 ./Drivers/STM32F4xx_HAL_Driver/Src/stm32f4xx_hal_i2c.o
                0x0000000008003550                HAL_I2C_Mem_Write
 .text.HAL_I2C_Mem_Read
                0x0000000008003744      0x44c ./Drivers/STM32F4xx_HAL_Driver/Src/stm32f4xx_hal_i2c.o
                0x0000000008003744                HAL_I2C_Mem_Read
 .text.HAL_I2C_Mem_Read_IT
                0x0000000008003b90      0x17c ./Drivers/STM32F4xx_HAL_Driver/Src/stm32f4xx_hal_i2c.o
                0x0000000008003b90                HAL_I2C_Mem_Read_IT
 .text.HAL_I2C_EV_IRQHandler
                0x0000000008003d0c      0x2a6 ./Drivers/STM32F4xx_HAL_Driver/Src/stm32f4xx_hal_i2c.o
                0x0000000008003d0c                HAL_I2C_EV_IRQHandler
 .text.HAL_I2C_MasterTxCpltCallback
                0x0000000008003fb2       0x14 ./Drivers/STM32F4xx_HAL_Driver/Src/stm32f4xx_hal_i2c.o
                0x0000000008003fb2                HAL_I2C_MasterTxCpltCallback
 .text.HAL_I2C_MasterRxCpltCallback
                0x0000000008003fc6       0x14 ./Drivers/STM32F4xx_HAL_Driver/Src/stm32f4xx_hal_i2c.o
                0x0000000008003fc6                HAL_I2C_MasterRxCpltCallback
 .text.HAL_I2C_SlaveTxCpltCallback
                0x0000000008003fda       0x14 ./Drivers/STM32F4xx_HAL_Driver/Src/stm32f4xx_hal_i2c.o
                0x0000000008003fda                HAL_I2C_SlaveTxCpltCallback
 .text.HAL_I2C_SlaveRxCpltCallback
                0x0000000008003fee       0x14 ./Drivers/STM32F4xx_HAL_Driver/Src/stm32f4xx_hal_i2c.o
                0x0000000008003fee                HAL_I2C_SlaveRxCpltCallback
 .text.HAL_I2C_AddrCallback
                0x0000000008004002       0x1c ./Drivers/STM32F4xx_HAL_Driver/Src/stm32f4xx_hal_i2c.o
                0x0000000008004002                HAL_I2C_AddrCallback
 .text.HAL_I2C_ListenCpltCallback
                0x000000000800401e       0x14 ./Drivers/STM32F4xx_HAL_Driver/Src/stm32f4xx_hal_i2c.o
                0x000000000800401e                HAL_I2C_ListenCpltCallback
 .text.HAL_I2C_MemTxCpltCallback
                0x0000000008004032       0x14 ./Drivers/STM32F4xx_HAL_Driver/Src/stm32f4xx_hal_i2c.o
                0x0000000008004032                HAL_I2C_MemTxCpltCallback
 .text.HAL_I2C_ErrorCallback
                0x0000000008004046       0x14 ./Drivers/STM32F4xx_HAL_Driver/Src/stm32f4xx_hal_i2c.o
                0x0000000008004046                HAL_I2C_ErrorCallback
 .text.HAL_I2C_AbortCpltCallback
                0x000000000800405a       0x14 ./Drivers/STM32F4xx_HAL_Driver/Src/stm32f4xx_hal_i2c.o
                0x000000000800405a                HAL_I2C_AbortCpltCallback
 .text.HAL_I2C_GetState
                0x000000000800406e       0x1c ./Drivers/STM32F4xx_HAL_Driver/Src/stm32f4xx_hal_i2c.o
                0x000000000800406e                HAL_I2C_GetState
 .text.I2C_MasterTransmit_TXE
                0x000000000800408a      0x138 ./Drivers/STM32F4xx_HAL_Driver/Src/stm32f4xx_hal_i2c.o
 .text.I2C_MasterTransmit_BTF
                0x00000000080041c2       0xec ./Drivers/STM32F4xx_HAL_Driver/Src/stm32f4xx_hal_i2c.o
 .text.I2C_MemoryTransmit_TXE_BTF
                0x00000000080042ae      0x128 ./Drivers/STM32F4xx_HAL_Driver/Src/stm32f4xx_hal_i2c.o
 .text.I2C_MasterReceive_RXNE
                0x00000000080043d6      0x176 ./Drivers/STM32F4xx_HAL_Driver/Src/stm32f4xx_hal_i2c.o
 .text.I2C_MasterReceive_BTF
                0x000000000800454c      0x1d4 ./Drivers/STM32F4xx_HAL_Driver/Src/stm32f4xx_hal_i2c.o
 .text.I2C_Master_SB
                0x0000000008004720      0x10c ./Drivers/STM32F4xx_HAL_Driver/Src/stm32f4xx_hal_i2c.o
 .text.I2C_Master_ADD10
                0x000000000800482c       0x54 ./Drivers/STM32F4xx_HAL_Driver/Src/stm32f4xx_hal_i2c.o
 .text.I2C_Master_ADDR
                0x0000000008004880      0x322 ./Drivers/STM32F4xx_HAL_Driver/Src/stm32f4xx_hal_i2c.o
 .text.I2C_SlaveTransmit_TXE
                0x0000000008004ba2       0x7a ./Drivers/STM32F4xx_HAL_Driver/Src/stm32f4xx_hal_i2c.o
 .text.I2C_SlaveTransmit_BTF
                0x0000000008004c1c       0x42 ./Drivers/STM32F4xx_HAL_Driver/Src/stm32f4xx_hal_i2c.o
 .text.I2C_SlaveReceive_RXNE
                0x0000000008004c5e       0x7c ./Drivers/STM32F4xx_HAL_Driver/Src/stm32f4xx_hal_i2c.o
 .text.I2C_SlaveReceive_BTF
                0x0000000008004cda       0x44 ./Drivers/STM32F4xx_HAL_Driver/Src/stm32f4xx_hal_i2c.o
 .text.I2C_Slave_ADDR
                0x0000000008004d1e       0x90 ./Drivers/STM32F4xx_HAL_Driver/Src/stm32f4xx_hal_i2c.o
 *fill*         0x0000000008004dae        0x2 
 .text.I2C_Slave_STOPF
                0x0000000008004db0      0x260 ./Drivers/STM32F4xx_HAL_Driver/Src/stm32f4xx_hal_i2c.o
 .text.I2C_ITError
                0x0000000008005010      0x264 ./Drivers/STM32F4xx_HAL_Driver/Src/stm32f4xx_hal_i2c.o
 .text.I2C_RequestMemoryWrite
                0x0000000008005274      0x12c ./Drivers/STM32F4xx_HAL_Driver/Src/stm32f4xx_hal_i2c.o
 .text.I2C_RequestMemoryRead
                0x00000000080053a0      0x1d0 ./Drivers/STM32F4xx_HAL_Driver/Src/stm32f4xx_hal_i2c.o
 .text.I2C_DMAAbort
                0x0000000008005570      0x150 ./Drivers/STM32F4xx_HAL_Driver/Src/stm32f4xx_hal_i2c.o
 .text.I2C_WaitOnFlagUntilTimeout
                0x00000000080056c0       0xae ./Drivers/STM32F4xx_HAL_Driver/Src/stm32f4xx_hal_i2c.o
 .text.I2C_WaitOnMasterAddressFlagUntilTimeout
                0x000000000800576e       0xfe ./Drivers/STM32F4xx_HAL_Driver/Src/stm32f4xx_hal_i2c.o
 .text.I2C_WaitOnTXEFlagUntilTimeout
                0x000000000800586c       0x82 ./Drivers/STM32F4xx_HAL_Driver/Src/stm32f4xx_hal_i2c.o
 .text.I2C_WaitOnBTFFlagUntilTimeout
                0x00000000080058ee       0x82 ./Drivers/STM32F4xx_HAL_Driver/Src/stm32f4xx_hal_i2c.o
 .text.I2C_WaitOnSTOPRequestThroughIT
                0x0000000008005970       0x64 ./Drivers/STM32F4xx_HAL_Driver/Src/stm32f4xx_hal_i2c.o
 .text.I2C_WaitOnRXNEFlagUntilTimeout
                0x00000000080059d4       0xac ./Drivers/STM32F4xx_HAL_Driver/Src/stm32f4xx_hal_i2c.o
 .text.I2C_IsAcknowledgeFailed
                0x0000000008005a80       0x5e ./Drivers/STM32F4xx_HAL_Driver/Src/stm32f4xx_hal_i2c.o
 .text.I2C_ConvertOtherXferOptions
                0x0000000008005ade       0x36 ./Drivers/STM32F4xx_HAL_Driver/Src/stm32f4xx_hal_i2c.o
 .text.HAL_RCC_OscConfig
                0x0000000008005b14      0x4f0 ./Drivers/STM32F4xx_HAL_Driver/Src/stm32f4xx_hal_rcc.o
                0x0000000008005b14                HAL_RCC_OscConfig
 .text.HAL_RCC_ClockConfig
                0x0000000008006004      0x1cc ./Drivers/STM32F4xx_HAL_Driver/Src/stm32f4xx_hal_rcc.o
                0x0000000008006004                HAL_RCC_ClockConfig
 .text.HAL_RCC_GetSysClockFreq
                0x00000000080061d0      0x20c ./Drivers/STM32F4xx_HAL_Driver/Src/stm32f4xx_hal_rcc.o
                0x00000000080061d0                HAL_RCC_GetSysClockFreq
 .text.HAL_RCC_GetHCLKFreq
                0x00000000080063dc       0x18 ./Drivers/STM32F4xx_HAL_Driver/Src/stm32f4xx_hal_rcc.o
                0x00000000080063dc                HAL_RCC_GetHCLKFreq
 .text.HAL_RCC_GetPCLK1Freq
                0x00000000080063f4       0x28 ./Drivers/STM32F4xx_HAL_Driver/Src/stm32f4xx_hal_rcc.o
                0x00000000080063f4                HAL_RCC_GetPCLK1Freq
 .text.HAL_RCC_GetPCLK2Freq
                0x000000000800641c       0x28 ./Drivers/STM32F4xx_HAL_Driver/Src/stm32f4xx_hal_rcc.o
                0x000000000800641c                HAL_RCC_GetPCLK2Freq
 .text.HAL_RCC_GetClockConfig
                0x0000000008006444       0x64 ./Drivers/STM32F4xx_HAL_Driver/Src/stm32f4xx_hal_rcc.o
                0x0000000008006444                HAL_RCC_GetClockConfig
 .text.HAL_TIM_Base_Init
                0x00000000080064a8       0x9e ./Drivers/STM32F4xx_HAL_Driver/Src/stm32f4xx_hal_tim.o
                0x00000000080064a8                HAL_TIM_Base_Init
 .text.HAL_TIM_Base_MspInit
                0x0000000008006546       0x14 ./Drivers/STM32F4xx_HAL_Driver/Src/stm32f4xx_hal_tim.o
                0x0000000008006546                HAL_TIM_Base_MspInit
 *fill*         0x000000000800655a        0x2 
 .text.HAL_TIM_Base_Start_IT
                0x000000000800655c       0xe0 ./Drivers/STM32F4xx_HAL_Driver/Src/stm32f4xx_hal_tim.o
                0x000000000800655c                HAL_TIM_Base_Start_IT
 .text.HAL_TIM_IRQHandler
                0x000000000800663c      0x210 ./Drivers/STM32F4xx_HAL_Driver/Src/stm32f4xx_hal_tim.o
                0x000000000800663c                HAL_TIM_IRQHandler
 .text.HAL_TIM_OC_DelayElapsedCallback
                0x000000000800684c       0x14 ./Drivers/STM32F4xx_HAL_Driver/Src/stm32f4xx_hal_tim.o
                0x000000000800684c                HAL_TIM_OC_DelayElapsedCallback
 .text.HAL_TIM_IC_CaptureCallback
                0x0000000008006860       0x14 ./Drivers/STM32F4xx_HAL_Driver/Src/stm32f4xx_hal_tim.o
                0x0000000008006860                HAL_TIM_IC_CaptureCallback
 .text.HAL_TIM_PWM_PulseFinishedCallback
                0x0000000008006874       0x14 ./Drivers/STM32F4xx_HAL_Driver/Src/stm32f4xx_hal_tim.o
                0x0000000008006874                HAL_TIM_PWM_PulseFinishedCallback
 .text.HAL_TIM_TriggerCallback
                0x0000000008006888       0x14 ./Drivers/STM32F4xx_HAL_Driver/Src/stm32f4xx_hal_tim.o
                0x0000000008006888                HAL_TIM_TriggerCallback
 .text.TIM_Base_SetConfig
                0x000000000800689c      0x140 ./Drivers/STM32F4xx_HAL_Driver/Src/stm32f4xx_hal_tim.o
                0x000000000800689c                TIM_Base_SetConfig
 .text.HAL_TIMEx_CommutCallback
                0x00000000080069dc       0x14 ./Drivers/STM32F4xx_HAL_Driver/Src/stm32f4xx_hal_tim_ex.o
                0x00000000080069dc                HAL_TIMEx_CommutCallback
 .text.HAL_TIMEx_BreakCallback
                0x00000000080069f0       0x14 ./Drivers/STM32F4xx_HAL_Driver/Src/stm32f4xx_hal_tim_ex.o
                0x00000000080069f0                HAL_TIMEx_BreakCallback
 .text.HAL_UART_Init
                0x0000000008006a04       0x9a ./Drivers/STM32F4xx_HAL_Driver/Src/stm32f4xx_hal_uart.o
                0x0000000008006a04                HAL_UART_Init
 .text.HAL_HalfDuplex_Init
                0x0000000008006a9e       0xaa ./Drivers/STM32F4xx_HAL_Driver/Src/stm32f4xx_hal_uart.o
                0x0000000008006a9e                HAL_HalfDuplex_Init
 .text.HAL_UART_Transmit
                0x0000000008006b48      0x124 ./Drivers/STM32F4xx_HAL_Driver/Src/stm32f4xx_hal_uart.o
                0x0000000008006b48                HAL_UART_Transmit
 .text.HAL_UART_Receive_IT
                0x0000000008006c6c       0x60 ./Drivers/STM32F4xx_HAL_Driver/Src/stm32f4xx_hal_uart.o
                0x0000000008006c6c                HAL_UART_Receive_IT
 .text.HAL_UART_IRQHandler
                0x0000000008006ccc      0x51c ./Drivers/STM32F4xx_HAL_Driver/Src/stm32f4xx_hal_uart.o
                0x0000000008006ccc                HAL_UART_IRQHandler
 .text.HAL_UART_TxCpltCallback
                0x00000000080071e8       0x14 ./Drivers/STM32F4xx_HAL_Driver/Src/stm32f4xx_hal_uart.o
                0x00000000080071e8                HAL_UART_TxCpltCallback
 .text.HAL_UART_ErrorCallback
                0x00000000080071fc       0x14 ./Drivers/STM32F4xx_HAL_Driver/Src/stm32f4xx_hal_uart.o
                0x00000000080071fc                HAL_UART_ErrorCallback
 .text.HAL_UARTEx_RxEventCallback
                0x0000000008007210       0x18 ./Drivers/STM32F4xx_HAL_Driver/Src/stm32f4xx_hal_uart.o
                0x0000000008007210                HAL_UARTEx_RxEventCallback
 .text.UART_WaitOnFlagUntilTimeout
                0x0000000008007228       0xdc ./Drivers/STM32F4xx_HAL_Driver/Src/stm32f4xx_hal_uart.o
 .text.UART_Start_Receive_IT
                0x0000000008007304       0x7c ./Drivers/STM32F4xx_HAL_Driver/Src/stm32f4xx_hal_uart.o
                0x0000000008007304                UART_Start_Receive_IT
 .text.UART_EndRxTransfer
                0x0000000008007380       0xc6 ./Drivers/STM32F4xx_HAL_Driver/Src/stm32f4xx_hal_uart.o
 .text.UART_DMAAbortOnError
                0x0000000008007446       0x28 ./Drivers/STM32F4xx_HAL_Driver/Src/stm32f4xx_hal_uart.o
 .text.UART_Transmit_IT
                0x000000000800746e       0xa0 ./Drivers/STM32F4xx_HAL_Driver/Src/stm32f4xx_hal_uart.o
 .text.UART_EndTransmit_IT
                0x000000000800750e       0x30 ./Drivers/STM32F4xx_HAL_Driver/Src/stm32f4xx_hal_uart.o
 .text.UART_Receive_IT
                0x000000000800753e      0x176 ./Drivers/STM32F4xx_HAL_Driver/Src/stm32f4xx_hal_uart.o
 .text.UART_SetConfig
                0x00000000080076b4      0x4e8 ./Drivers/STM32F4xx_HAL_Driver/Src/stm32f4xx_hal_uart.o
 .text.__NVIC_SetPriority
                0x0000000008007b9c       0x54 ./Middlewares/Third_Party/FreeRTOS/Source/CMSIS_RTOS_V2/cmsis_os2.o
 .text.SysTick_Handler
                0x0000000008007bf0       0x20 ./Middlewares/Third_Party/FreeRTOS/Source/CMSIS_RTOS_V2/cmsis_os2.o
                0x0000000008007bf0                SysTick_Handler
 .text.SVC_Setup
                0x0000000008007c10       0x12 ./Middlewares/Third_Party/FreeRTOS/Source/CMSIS_RTOS_V2/cmsis_os2.o
 *fill*         0x0000000008007c22        0x2 
 .text.osKernelInitialize
                0x0000000008007c24       0x48 ./Middlewares/Third_Party/FreeRTOS/Source/CMSIS_RTOS_V2/cmsis_os2.o
                0x0000000008007c24                osKernelInitialize
 .text.osKernelStart
                0x0000000008007c6c       0x4c ./Middlewares/Third_Party/FreeRTOS/Source/CMSIS_RTOS_V2/cmsis_os2.o
                0x0000000008007c6c                osKernelStart
 .text.osThreadNew
                0x0000000008007cb8      0x124 ./Middlewares/Third_Party/FreeRTOS/Source/CMSIS_RTOS_V2/cmsis_os2.o
                0x0000000008007cb8                osThreadNew
 .text.osDelay  0x0000000008007ddc       0x36 ./Middlewares/Third_Party/FreeRTOS/Source/CMSIS_RTOS_V2/cmsis_os2.o
                0x0000000008007ddc                osDelay
 .text.osEventFlagsNew
                0x0000000008007e12       0x7e ./Middlewares/Third_Party/FreeRTOS/Source/CMSIS_RTOS_V2/cmsis_os2.o
                0x0000000008007e12                osEventFlagsNew
 .text.osEventFlagsSet
                0x0000000008007e90       0x88 ./Middlewares/Third_Party/FreeRTOS/Source/CMSIS_RTOS_V2/cmsis_os2.o
                0x0000000008007e90                osEventFlagsSet
 .text.osEventFlagsClear
                0x0000000008007f18       0x64 ./Middlewares/Third_Party/FreeRTOS/Source/CMSIS_RTOS_V2/cmsis_os2.o
                0x0000000008007f18                osEventFlagsClear
 .text.osEventFlagsGet
                0x0000000008007f7c       0x42 ./Middlewares/Third_Party/FreeRTOS/Source/CMSIS_RTOS_V2/cmsis_os2.o
                0x0000000008007f7c                osEventFlagsGet
 .text.osSemaphoreNew
                0x0000000008007fbe      0x112 ./Middlewares/Third_Party/FreeRTOS/Source/CMSIS_RTOS_V2/cmsis_os2.o
                0x0000000008007fbe                osSemaphoreNew
 .text.osSemaphoreAcquire
                0x00000000080080d0       0xa4 ./Middlewares/Third_Party/FreeRTOS/Source/CMSIS_RTOS_V2/cmsis_os2.o
                0x00000000080080d0                osSemaphoreAcquire
 .text.osSemaphoreRelease
                0x0000000008008174       0x88 ./Middlewares/Third_Party/FreeRTOS/Source/CMSIS_RTOS_V2/cmsis_os2.o
                0x0000000008008174                osSemaphoreRelease
 .text.osMessageQueueNew
                0x00000000080081fc       0xe6 ./Middlewares/Third_Party/FreeRTOS/Source/CMSIS_RTOS_V2/cmsis_os2.o
                0x00000000080081fc                osMessageQueueNew
 *fill*         0x00000000080082e2        0x2 
 .text.osMessageQueuePut
                0x00000000080082e4       0xc0 ./Middlewares/Third_Party/FreeRTOS/Source/CMSIS_RTOS_V2/cmsis_os2.o
                0x00000000080082e4                osMessageQueuePut
 .text.osMessageQueueGet
                0x00000000080083a4       0xbc ./Middlewares/Third_Party/FreeRTOS/Source/CMSIS_RTOS_V2/cmsis_os2.o
                0x00000000080083a4                osMessageQueueGet
 .text.vApplicationGetIdleTaskMemory
                0x0000000008008460       0x34 ./Middlewares/Third_Party/FreeRTOS/Source/CMSIS_RTOS_V2/cmsis_os2.o
                0x0000000008008460                vApplicationGetIdleTaskMemory
 .text.vApplicationGetTimerTaskMemory
                0x0000000008008494       0x34 ./Middlewares/Third_Party/FreeRTOS/Source/CMSIS_RTOS_V2/cmsis_os2.o
                0x0000000008008494                vApplicationGetTimerTaskMemory
 .text.xEventGroupCreateStatic
                0x00000000080084c8       0x6e ./Middlewares/Third_Party/FreeRTOS/Source/event_groups.o
                0x00000000080084c8                xEventGroupCreateStatic
 .text.xEventGroupCreate
                0x0000000008008536       0x34 ./Middlewares/Third_Party/FreeRTOS/Source/event_groups.o
                0x0000000008008536                xEventGroupCreate
 .text.xEventGroupClearBits
                0x000000000800856a       0x70 ./Middlewares/Third_Party/FreeRTOS/Source/event_groups.o
                0x000000000800856a                xEventGroupClearBits
 *fill*         0x00000000080085da        0x2 
 .text.xEventGroupClearBitsFromISR
                0x00000000080085dc       0x28 ./Middlewares/Third_Party/FreeRTOS/Source/event_groups.o
                0x00000000080085dc                xEventGroupClearBitsFromISR
 .text.xEventGroupGetBitsFromISR
                0x0000000008008604       0x48 ./Middlewares/Third_Party/FreeRTOS/Source/event_groups.o
                0x0000000008008604                xEventGroupGetBitsFromISR
 .text.xEventGroupSetBits
                0x000000000800864c      0x116 ./Middlewares/Third_Party/FreeRTOS/Source/event_groups.o
                0x000000000800864c                xEventGroupSetBits
 .text.vEventGroupSetBitsCallback
                0x0000000008008762       0x1a ./Middlewares/Third_Party/FreeRTOS/Source/event_groups.o
                0x0000000008008762                vEventGroupSetBitsCallback
 .text.vEventGroupClearBitsCallback
                0x000000000800877c       0x1a ./Middlewares/Third_Party/FreeRTOS/Source/event_groups.o
                0x000000000800877c                vEventGroupClearBitsCallback
 *fill*         0x0000000008008796        0x2 
 .text.xEventGroupSetBitsFromISR
                0x0000000008008798       0x28 ./Middlewares/Third_Party/FreeRTOS/Source/event_groups.o
                0x0000000008008798                xEventGroupSetBitsFromISR
 .text.vListInitialise
                0x00000000080087c0       0x40 ./Middlewares/Third_Party/FreeRTOS/Source/list.o
                0x00000000080087c0                vListInitialise
 .text.vListInitialiseItem
                0x0000000008008800       0x1a ./Middlewares/Third_Party/FreeRTOS/Source/list.o
                0x0000000008008800                vListInitialiseItem
 .text.vListInsertEnd
                0x000000000800881a       0x48 ./Middlewares/Third_Party/FreeRTOS/Source/list.o
                0x000000000800881a                vListInsertEnd
 .text.vListInsert
                0x0000000008008862       0x72 ./Middlewares/Third_Party/FreeRTOS/Source/list.o
                0x0000000008008862                vListInsert
 .text.uxListRemove
                0x00000000080088d4       0x54 ./Middlewares/Third_Party/FreeRTOS/Source/list.o
                0x00000000080088d4                uxListRemove
 .text.xQueueGenericReset
                0x0000000008008928       0xd0 ./Middlewares/Third_Party/FreeRTOS/Source/queue.o
                0x0000000008008928                xQueueGenericReset
 .text.xQueueGenericCreateStatic
                0x00000000080089f8       0xf0 ./Middlewares/Third_Party/FreeRTOS/Source/queue.o
                0x00000000080089f8                xQueueGenericCreateStatic
 .text.xQueueGenericCreate
                0x0000000008008ae8       0x74 ./Middlewares/Third_Party/FreeRTOS/Source/queue.o
                0x0000000008008ae8                xQueueGenericCreate
 .text.prvInitialiseNewQueue
                0x0000000008008b5c       0x46 ./Middlewares/Third_Party/FreeRTOS/Source/queue.o
 .text.xQueueCreateCountingSemaphoreStatic
                0x0000000008008ba2       0x6e ./Middlewares/Third_Party/FreeRTOS/Source/queue.o
                0x0000000008008ba2                xQueueCreateCountingSemaphoreStatic
 .text.xQueueCreateCountingSemaphore
                0x0000000008008c10       0x66 ./Middlewares/Third_Party/FreeRTOS/Source/queue.o
                0x0000000008008c10                xQueueCreateCountingSemaphore
 *fill*         0x0000000008008c76        0x2 
 .text.xQueueGenericSend
                0x0000000008008c78      0x1fc ./Middlewares/Third_Party/FreeRTOS/Source/queue.o
                0x0000000008008c78                xQueueGenericSend
 .text.xQueueGenericSendFromISR
                0x0000000008008e74      0x136 ./Middlewares/Third_Party/FreeRTOS/Source/queue.o
                0x0000000008008e74                xQueueGenericSendFromISR
 .text.xQueueGiveFromISR
                0x0000000008008faa      0x11a ./Middlewares/Third_Party/FreeRTOS/Source/queue.o
                0x0000000008008faa                xQueueGiveFromISR
 .text.xQueueReceive
                0x00000000080090c4      0x1c0 ./Middlewares/Third_Party/FreeRTOS/Source/queue.o
                0x00000000080090c4                xQueueReceive
 .text.xQueueSemaphoreTake
                0x0000000008009284      0x218 ./Middlewares/Third_Party/FreeRTOS/Source/queue.o
                0x0000000008009284                xQueueSemaphoreTake
 .text.xQueueReceiveFromISR
                0x000000000800949c      0x100 ./Middlewares/Third_Party/FreeRTOS/Source/queue.o
                0x000000000800949c                xQueueReceiveFromISR
 .text.vQueueDelete
                0x000000000800959c       0x46 ./Middlewares/Third_Party/FreeRTOS/Source/queue.o
                0x000000000800959c                vQueueDelete
 .text.prvGetDisinheritPriorityAfterTimeout
                0x00000000080095e2       0x30 ./Middlewares/Third_Party/FreeRTOS/Source/queue.o
 .text.prvCopyDataToQueue
                0x0000000008009612       0xd4 ./Middlewares/Third_Party/FreeRTOS/Source/queue.o
 .text.prvCopyDataFromQueue
                0x00000000080096e6       0x4c ./Middlewares/Third_Party/FreeRTOS/Source/queue.o
 .text.prvUnlockQueue
                0x0000000008009732       0xa4 ./Middlewares/Third_Party/FreeRTOS/Source/queue.o
 .text.prvIsQueueEmpty
                0x00000000080097d6       0x2c ./Middlewares/Third_Party/FreeRTOS/Source/queue.o
 .text.prvIsQueueFull
                0x0000000008009802       0x30 ./Middlewares/Third_Party/FreeRTOS/Source/queue.o
 *fill*         0x0000000008009832        0x2 
 .text.vQueueAddToRegistry
                0x0000000008009834       0x54 ./Middlewares/Third_Party/FreeRTOS/Source/queue.o
                0x0000000008009834                vQueueAddToRegistry
 .text.vQueueUnregisterQueue
                0x0000000008009888       0x54 ./Middlewares/Third_Party/FreeRTOS/Source/queue.o
                0x0000000008009888                vQueueUnregisterQueue
 .text.vQueueWaitForMessageRestricted
                0x00000000080098dc       0x68 ./Middlewares/Third_Party/FreeRTOS/Source/queue.o
                0x00000000080098dc                vQueueWaitForMessageRestricted
 .text.xTaskCreateStatic
                0x0000000008009944       0xba ./Middlewares/Third_Party/FreeRTOS/Source/tasks.o
                0x0000000008009944                xTaskCreateStatic
 .text.xTaskCreate
                0x00000000080099fe       0x8a ./Middlewares/Third_Party/FreeRTOS/Source/tasks.o
                0x00000000080099fe                xTaskCreate
 .text.prvInitialiseNewTask
                0x0000000008009a88      0x14c ./Middlewares/Third_Party/FreeRTOS/Source/tasks.o
 .text.prvAddNewTaskToReadyList
                0x0000000008009bd4       0xe0 ./Middlewares/Third_Party/FreeRTOS/Source/tasks.o
 .text.vTaskDelay
                0x0000000008009cb4       0x68 ./Middlewares/Third_Party/FreeRTOS/Source/tasks.o
                0x0000000008009cb4                vTaskDelay
 .text.vTaskStartScheduler
                0x0000000008009d1c       0xe0 ./Middlewares/Third_Party/FreeRTOS/Source/tasks.o
                0x0000000008009d1c                vTaskStartScheduler
 .text.vTaskSuspendAll
                0x0000000008009dfc       0x1c ./Middlewares/Third_Party/FreeRTOS/Source/tasks.o
                0x0000000008009dfc                vTaskSuspendAll
 .text.xTaskResumeAll
                0x0000000008009e18      0x13c ./Middlewares/Third_Party/FreeRTOS/Source/tasks.o
                0x0000000008009e18                xTaskResumeAll
 .text.xTaskGetTickCount
                0x0000000008009f54       0x20 ./Middlewares/Third_Party/FreeRTOS/Source/tasks.o
                0x0000000008009f54                xTaskGetTickCount
 .text.xTaskIncrementTick
                0x0000000008009f74      0x174 ./Middlewares/Third_Party/FreeRTOS/Source/tasks.o
                0x0000000008009f74                xTaskIncrementTick
 .text.vTaskSwitchContext
                0x000000000800a0e8       0xc8 ./Middlewares/Third_Party/FreeRTOS/Source/tasks.o
                0x000000000800a0e8                vTaskSwitchContext
 .text.vTaskPlaceOnEventList
                0x000000000800a1b0       0x48 ./Middlewares/Third_Party/FreeRTOS/Source/tasks.o
                0x000000000800a1b0                vTaskPlaceOnEventList
 .text.vTaskPlaceOnEventListRestricted
                0x000000000800a1f8       0x58 ./Middlewares/Third_Party/FreeRTOS/Source/tasks.o
                0x000000000800a1f8                vTaskPlaceOnEventListRestricted
 .text.xTaskRemoveFromEventList
                0x000000000800a250       0xc8 ./Middlewares/Third_Party/FreeRTOS/Source/tasks.o
                0x000000000800a250                xTaskRemoveFromEventList
 .text.vTaskRemoveFromUnorderedEventList
                0x000000000800a318       0xc4 ./Middlewares/Third_Party/FreeRTOS/Source/tasks.o
                0x000000000800a318                vTaskRemoveFromUnorderedEventList
 .text.vTaskInternalSetTimeOutState
                0x000000000800a3dc       0x2c ./Middlewares/Third_Party/FreeRTOS/Source/tasks.o
                0x000000000800a3dc                vTaskInternalSetTimeOutState
 .text.xTaskCheckForTimeOut
                0x000000000800a408       0xc4 ./Middlewares/Third_Party/FreeRTOS/Source/tasks.o
                0x000000000800a408                xTaskCheckForTimeOut
 .text.vTaskMissedYield
                0x000000000800a4cc       0x18 ./Middlewares/Third_Party/FreeRTOS/Source/tasks.o
                0x000000000800a4cc                vTaskMissedYield
 .text.prvIdleTask
                0x000000000800a4e4       0x30 ./Middlewares/Third_Party/FreeRTOS/Source/tasks.o
 .text.prvInitialiseTaskLists
                0x000000000800a514       0x80 ./Middlewares/Third_Party/FreeRTOS/Source/tasks.o
 .text.prvCheckTasksWaitingTermination
                0x000000000800a594       0x5c ./Middlewares/Third_Party/FreeRTOS/Source/tasks.o
 .text.prvDeleteTCB
                0x000000000800a5f0       0x68 ./Middlewares/Third_Party/FreeRTOS/Source/tasks.o
 .text.prvResetNextTaskUnblockTime
                0x000000000800a658       0x40 ./Middlewares/Third_Party/FreeRTOS/Source/tasks.o
 .text.xTaskGetSchedulerState
                0x000000000800a698       0x3c ./Middlewares/Third_Party/FreeRTOS/Source/tasks.o
                0x000000000800a698                xTaskGetSchedulerState
 .text.xTaskPriorityInherit
                0x000000000800a6d4       0xd0 ./Middlewares/Third_Party/FreeRTOS/Source/tasks.o
                0x000000000800a6d4                xTaskPriorityInherit
 .text.xTaskPriorityDisinherit
                0x000000000800a7a4       0xdc ./Middlewares/Third_Party/FreeRTOS/Source/tasks.o
                0x000000000800a7a4                xTaskPriorityDisinherit
 .text.vTaskPriorityDisinheritAfterTimeout
                0x000000000800a880      0x104 ./Middlewares/Third_Party/FreeRTOS/Source/tasks.o
                0x000000000800a880                vTaskPriorityDisinheritAfterTimeout
 .text.pvTaskIncrementMutexHeldCount
                0x000000000800a984       0x28 ./Middlewares/Third_Party/FreeRTOS/Source/tasks.o
                0x000000000800a984                pvTaskIncrementMutexHeldCount
 .text.prvAddCurrentTaskToDelayedList
                0x000000000800a9ac       0xa8 ./Middlewares/Third_Party/FreeRTOS/Source/tasks.o
 .text.xTimerCreateTimerTask
                0x000000000800aa54       0x90 ./Middlewares/Third_Party/FreeRTOS/Source/timers.o
                0x000000000800aa54                xTimerCreateTimerTask
 .text.xTimerGenericCommand
                0x000000000800aae4       0x9c ./Middlewares/Third_Party/FreeRTOS/Source/timers.o
                0x000000000800aae4                xTimerGenericCommand
 .text.prvProcessExpiredTimer
                0x000000000800ab80       0x98 ./Middlewares/Third_Party/FreeRTOS/Source/timers.o
 .text.prvTimerTask
                0x000000000800ac18       0x24 ./Middlewares/Third_Party/FreeRTOS/Source/timers.o
 .text.prvProcessTimerOrBlockTask
                0x000000000800ac3c       0x9c ./Middlewares/Third_Party/FreeRTOS/Source/timers.o
 .text.prvGetNextExpireTime
                0x000000000800acd8       0x48 ./Middlewares/Third_Party/FreeRTOS/Source/timers.o
 .text.prvSampleTimeNow
                0x000000000800ad20       0x40 ./Middlewares/Third_Party/FreeRTOS/Source/timers.o
 .text.prvInsertTimerInActiveList
                0x000000000800ad60       0x84 ./Middlewares/Third_Party/FreeRTOS/Source/timers.o
 .text.prvProcessReceivedCommands
                0x000000000800ade4      0x1c4 ./Middlewares/Third_Party/FreeRTOS/Source/timers.o
 .text.prvSwitchTimerLists
                0x000000000800afa8       0xc8 ./Middlewares/Third_Party/FreeRTOS/Source/timers.o
 .text.prvCheckForValidListAndQueue
                0x000000000800b070       0x80 ./Middlewares/Third_Party/FreeRTOS/Source/timers.o
 .text.xTimerPendFunctionCallFromISR
                0x000000000800b0f0       0x40 ./Middlewares/Third_Party/FreeRTOS/Source/timers.o
                0x000000000800b0f0                xTimerPendFunctionCallFromISR
 .text.pxPortInitialiseStack
                0x000000000800b130       0x68 ./Middlewares/Third_Party/FreeRTOS/Source/portable/GCC/ARM_CM4F/port.o
                0x000000000800b130                pxPortInitialiseStack
 .text.prvTaskExitError
                0x000000000800b198       0x58 ./Middlewares/Third_Party/FreeRTOS/Source/portable/GCC/ARM_CM4F/port.o
 .text.SVC_Handler
                0x000000000800b1f0       0x28 ./Middlewares/Third_Party/FreeRTOS/Source/portable/GCC/ARM_CM4F/port.o
                0x000000000800b1f0                SVC_Handler
 .text.prvPortStartFirstTask
                0x000000000800b218       0x28 ./Middlewares/Third_Party/FreeRTOS/Source/portable/GCC/ARM_CM4F/port.o
 .text.xPortStartScheduler
                0x000000000800b240      0x144 ./Middlewares/Third_Party/FreeRTOS/Source/portable/GCC/ARM_CM4F/port.o
                0x000000000800b240                xPortStartScheduler
 .text.vPortEnterCritical
                0x000000000800b384       0x60 ./Middlewares/Third_Party/FreeRTOS/Source/portable/GCC/ARM_CM4F/port.o
                0x000000000800b384                vPortEnterCritical
 .text.vPortExitCritical
                0x000000000800b3e4       0x54 ./Middlewares/Third_Party/FreeRTOS/Source/portable/GCC/ARM_CM4F/port.o
                0x000000000800b3e4                vPortExitCritical
 *fill*         0x000000000800b438        0x8 
 .text.PendSV_Handler
                0x000000000800b440       0x68 ./Middlewares/Third_Party/FreeRTOS/Source/portable/GCC/ARM_CM4F/port.o
                0x000000000800b440                PendSV_Handler
 .text.xPortSysTickHandler
                0x000000000800b4a8       0x44 ./Middlewares/Third_Party/FreeRTOS/Source/portable/GCC/ARM_CM4F/port.o
                0x000000000800b4a8                xPortSysTickHandler
 .text.vPortSetupTimerInterrupt
                0x000000000800b4ec       0x48 ./Middlewares/Third_Party/FreeRTOS/Source/portable/GCC/ARM_CM4F/port.o
                0x000000000800b4ec                vPortSetupTimerInterrupt
 .text.vPortEnableVFP
                0x000000000800b534       0x14 ./Middlewares/Third_Party/FreeRTOS/Source/portable/GCC/ARM_CM4F/port.o
 .text.vPortValidateInterruptPriority
                0x000000000800b548       0x80 ./Middlewares/Third_Party/FreeRTOS/Source/portable/GCC/ARM_CM4F/port.o
                0x000000000800b548                vPortValidateInterruptPriority
 .text.pvPortMalloc
                0x000000000800b5c8      0x198 ./Middlewares/Third_Party/FreeRTOS/Source/portable/MemMang/heap_4.o
                0x000000000800b5c8                pvPortMalloc
 .text.vPortFree
                0x000000000800b760       0xc4 ./Middlewares/Third_Party/FreeRTOS/Source/portable/MemMang/heap_4.o
                0x000000000800b760                vPortFree
 .text.prvHeapInit
                0x000000000800b824       0xc4 ./Middlewares/Third_Party/FreeRTOS/Source/portable/MemMang/heap_4.o
 .text.prvInsertBlockIntoFreeList
                0x000000000800b8e8       0xb4 ./Middlewares/Third_Party/FreeRTOS/Source/portable/MemMang/heap_4.o
 .text._strtoul_l.constprop.0
                0x000000000800b99c       0xe4 C:/ST/STM32CubeIDE_1.13.2/STM32CubeIDE/plugins/com.st.stm32cube.ide.mcu.externaltools.gnu-tools-for-stm32.11.3.rel1.win32_1.1.1.202309131626/tools/bin/../lib/gcc/arm-none-eabi/11.3.1/../../../../arm-none-eabi/lib/thumb/v7e-m+fp/hard\libc_nano.a(libc_a-strtoul.o)
 .text.strtoul  0x000000000800ba80       0x14 C:/ST/STM32CubeIDE_1.13.2/STM32CubeIDE/plugins/com.st.stm32cube.ide.mcu.externaltools.gnu-tools-for-stm32.11.3.rel1.win32_1.1.1.202309131626/tools/bin/../lib/gcc/arm-none-eabi/11.3.1/../../../../arm-none-eabi/lib/thumb/v7e-m+fp/hard\libc_nano.a(libc_a-strtoul.o)
                0x000000000800ba80                strtoul
 .text.std      0x000000000800ba94       0x6c C:/ST/STM32CubeIDE_1.13.2/STM32CubeIDE/plugins/com.st.stm32cube.ide.mcu.externaltools.gnu-tools-for-stm32.11.3.rel1.win32_1.1.1.202309131626/tools/bin/../lib/gcc/arm-none-eabi/11.3.1/../../../../arm-none-eabi/lib/thumb/v7e-m+fp/hard\libc_nano.a(libc_a-findfp.o)
 .text.stdio_exit_handler
                0x000000000800bb00       0x18 C:/ST/STM32CubeIDE_1.13.2/STM32CubeIDE/plugins/com.st.stm32cube.ide.mcu.externaltools.gnu-tools-for-stm32.11.3.rel1.win32_1.1.1.202309131626/tools/bin/../lib/gcc/arm-none-eabi/11.3.1/../../../../arm-none-eabi/lib/thumb/v7e-m+fp/hard\libc_nano.a(libc_a-findfp.o)
 .text.cleanup_stdio
                0x000000000800bb18       0x40 C:/ST/STM32CubeIDE_1.13.2/STM32CubeIDE/plugins/com.st.stm32cube.ide.mcu.externaltools.gnu-tools-for-stm32.11.3.rel1.win32_1.1.1.202309131626/tools/bin/../lib/gcc/arm-none-eabi/11.3.1/../../../../arm-none-eabi/lib/thumb/v7e-m+fp/hard\libc_nano.a(libc_a-findfp.o)
 .text.global_stdio_init.part.0
                0x000000000800bb58       0x3c C:/ST/STM32CubeIDE_1.13.2/STM32CubeIDE/plugins/com.st.stm32cube.ide.mcu.externaltools.gnu-tools-for-stm32.11.3.rel1.win32_1.1.1.202309131626/tools/bin/../lib/gcc/arm-none-eabi/11.3.1/../../../../arm-none-eabi/lib/thumb/v7e-m+fp/hard\libc_nano.a(libc_a-findfp.o)
 .text.__sfp_lock_acquire
                0x000000000800bb94        0xc C:/ST/STM32CubeIDE_1.13.2/STM32CubeIDE/plugins/com.st.stm32cube.ide.mcu.externaltools.gnu-tools-for-stm32.11.3.rel1.win32_1.1.1.202309131626/tools/bin/../lib/gcc/arm-none-eabi/11.3.1/../../../../arm-none-eabi/lib/thumb/v7e-m+fp/hard\libc_nano.a(libc_a-findfp.o)
                0x000000000800bb94                __sfp_lock_acquire
 .text.__sfp_lock_release
                0x000000000800bba0        0xc C:/ST/STM32CubeIDE_1.13.2/STM32CubeIDE/plugins/com.st.stm32cube.ide.mcu.externaltools.gnu-tools-for-stm32.11.3.rel1.win32_1.1.1.202309131626/tools/bin/../lib/gcc/arm-none-eabi/11.3.1/../../../../arm-none-eabi/lib/thumb/v7e-m+fp/hard\libc_nano.a(libc_a-findfp.o)
                0x000000000800bba0                __sfp_lock_release
 .text.__sinit  0x000000000800bbac       0x30 C:/ST/STM32CubeIDE_1.13.2/STM32CubeIDE/plugins/com.st.stm32cube.ide.mcu.externaltools.gnu-tools-for-stm32.11.3.rel1.win32_1.1.1.202309131626/tools/bin/../lib/gcc/arm-none-eabi/11.3.1/../../../../arm-none-eabi/lib/thumb/v7e-m+fp/hard\libc_nano.a(libc_a-findfp.o)
                0x000000000800bbac                __sinit
 .text._fwalk_sglue
                0x000000000800bbdc       0x3c C:/ST/STM32CubeIDE_1.13.2/STM32CubeIDE/plugins/com.st.stm32cube.ide.mcu.externaltools.gnu-tools-for-stm32.11.3.rel1.win32_1.1.1.202309131626/tools/bin/../lib/gcc/arm-none-eabi/11.3.1/../../../../arm-none-eabi/lib/thumb/v7e-m+fp/hard\libc_nano.a(libc_a-fwalk.o)
                0x000000000800bbdc                _fwalk_sglue
 .text.printf   0x000000000800bc18       0x24 C:/ST/STM32CubeIDE_1.13.2/STM32CubeIDE/plugins/com.st.stm32cube.ide.mcu.externaltools.gnu-tools-for-stm32.11.3.rel1.win32_1.1.1.202309131626/tools/bin/../lib/gcc/arm-none-eabi/11.3.1/../../../../arm-none-eabi/lib/thumb/v7e-m+fp/hard\libc_nano.a(libc_a-printf.o)
                0x000000000800bc18                iprintf
                0x000000000800bc18                printf
 .text._puts_r  0x000000000800bc3c       0xa8 C:/ST/STM32CubeIDE_1.13.2/STM32CubeIDE/plugins/com.st.stm32cube.ide.mcu.externaltools.gnu-tools-for-stm32.11.3.rel1.win32_1.1.1.202309131626/tools/bin/../lib/gcc/arm-none-eabi/11.3.1/../../../../arm-none-eabi/lib/thumb/v7e-m+fp/hard\libc_nano.a(libc_a-puts.o)
                0x000000000800bc3c                _puts_r
 .text.puts     0x000000000800bce4       0x10 C:/ST/STM32CubeIDE_1.13.2/STM32CubeIDE/plugins/com.st.stm32cube.ide.mcu.externaltools.gnu-tools-for-stm32.11.3.rel1.win32_1.1.1.202309131626/tools/bin/../lib/gcc/arm-none-eabi/11.3.1/../../../../arm-none-eabi/lib/thumb/v7e-m+fp/hard\libc_nano.a(libc_a-puts.o)
                0x000000000800bce4                puts
 .text.__sread  0x000000000800bcf4       0x22 C:/ST/STM32CubeIDE_1.13.2/STM32CubeIDE/plugins/com.st.stm32cube.ide.mcu.externaltools.gnu-tools-for-stm32.11.3.rel1.win32_1.1.1.202309131626/tools/bin/../lib/gcc/arm-none-eabi/11.3.1/../../../../arm-none-eabi/lib/thumb/v7e-m+fp/hard\libc_nano.a(libc_a-stdio.o)
                0x000000000800bcf4                __sread
 .text.__swrite
                0x000000000800bd16       0x38 C:/ST/STM32CubeIDE_1.13.2/STM32CubeIDE/plugins/com.st.stm32cube.ide.mcu.externaltools.gnu-tools-for-stm32.11.3.rel1.win32_1.1.1.202309131626/tools/bin/../lib/gcc/arm-none-eabi/11.3.1/../../../../arm-none-eabi/lib/thumb/v7e-m+fp/hard\libc_nano.a(libc_a-stdio.o)
                0x000000000800bd16                __swrite
 .text.__sseek  0x000000000800bd4e       0x24 C:/ST/STM32CubeIDE_1.13.2/STM32CubeIDE/plugins/com.st.stm32cube.ide.mcu.externaltools.gnu-tools-for-stm32.11.3.rel1.win32_1.1.1.202309131626/tools/bin/../lib/gcc/arm-none-eabi/11.3.1/../../../../arm-none-eabi/lib/thumb/v7e-m+fp/hard\libc_nano.a(libc_a-stdio.o)
                0x000000000800bd4e                __sseek
 .text.__sclose
                0x000000000800bd72        0x8 C:/ST/STM32CubeIDE_1.13.2/STM32CubeIDE/plugins/com.st.stm32cube.ide.mcu.externaltools.gnu-tools-for-stm32.11.3.rel1.win32_1.1.1.202309131626/tools/bin/../lib/gcc/arm-none-eabi/11.3.1/../../../../arm-none-eabi/lib/thumb/v7e-m+fp/hard\libc_nano.a(libc_a-stdio.o)
                0x000000000800bd72                __sclose
 .text.__swbuf_r
                0x000000000800bd7a       0x7a C:/ST/STM32CubeIDE_1.13.2/STM32CubeIDE/plugins/com.st.stm32cube.ide.mcu.externaltools.gnu-tools-for-stm32.11.3.rel1.win32_1.1.1.202309131626/tools/bin/../lib/gcc/arm-none-eabi/11.3.1/../../../../arm-none-eabi/lib/thumb/v7e-m+fp/hard\libc_nano.a(libc_a-wbuf.o)
                0x000000000800bd7a                __swbuf_r
 .text.__swsetup_r
                0x000000000800bdf4       0xb0 C:/ST/STM32CubeIDE_1.13.2/STM32CubeIDE/plugins/com.st.stm32cube.ide.mcu.externaltools.gnu-tools-for-stm32.11.3.rel1.win32_1.1.1.202309131626/tools/bin/../lib/gcc/arm-none-eabi/11.3.1/../../../../arm-none-eabi/lib/thumb/v7e-m+fp/hard\libc_nano.a(libc_a-wsetup.o)
                0x000000000800bdf4                __swsetup_r
 .text.memset   0x000000000800bea4       0x10 C:/ST/STM32CubeIDE_1.13.2/STM32CubeIDE/plugins/com.st.stm32cube.ide.mcu.externaltools.gnu-tools-for-stm32.11.3.rel1.win32_1.1.1.202309131626/tools/bin/../lib/gcc/arm-none-eabi/11.3.1/../../../../arm-none-eabi/lib/thumb/v7e-m+fp/hard\libc_nano.a(libc_a-memset.o)
                0x000000000800bea4                memset
 .text._close_r
                0x000000000800beb4       0x20 C:/ST/STM32CubeIDE_1.13.2/STM32CubeIDE/plugins/com.st.stm32cube.ide.mcu.externaltools.gnu-tools-for-stm32.11.3.rel1.win32_1.1.1.202309131626/tools/bin/../lib/gcc/arm-none-eabi/11.3.1/../../../../arm-none-eabi/lib/thumb/v7e-m+fp/hard\libc_nano.a(libc_a-closer.o)
                0x000000000800beb4                _close_r
 .text._reclaim_reent
                0x000000000800bed4       0xac C:/ST/STM32CubeIDE_1.13.2/STM32CubeIDE/plugins/com.st.stm32cube.ide.mcu.externaltools.gnu-tools-for-stm32.11.3.rel1.win32_1.1.1.202309131626/tools/bin/../lib/gcc/arm-none-eabi/11.3.1/../../../../arm-none-eabi/lib/thumb/v7e-m+fp/hard\libc_nano.a(libc_a-reent.o)
                0x000000000800bed4                _reclaim_reent
 .text._lseek_r
                0x000000000800bf80       0x24 C:/ST/STM32CubeIDE_1.13.2/STM32CubeIDE/plugins/com.st.stm32cube.ide.mcu.externaltools.gnu-tools-for-stm32.11.3.rel1.win32_1.1.1.202309131626/tools/bin/../lib/gcc/arm-none-eabi/11.3.1/../../../../arm-none-eabi/lib/thumb/v7e-m+fp/hard\libc_nano.a(libc_a-lseekr.o)
                0x000000000800bf80                _lseek_r
 .text._read_r  0x000000000800bfa4       0x24 C:/ST/STM32CubeIDE_1.13.2/STM32CubeIDE/plugins/com.st.stm32cube.ide.mcu.externaltools.gnu-tools-for-stm32.11.3.rel1.win32_1.1.1.202309131626/tools/bin/../lib/gcc/arm-none-eabi/11.3.1/../../../../arm-none-eabi/lib/thumb/v7e-m+fp/hard\libc_nano.a(libc_a-readr.o)
                0x000000000800bfa4                _read_r
 .text._write_r
                0x000000000800bfc8       0x24 C:/ST/STM32CubeIDE_1.13.2/STM32CubeIDE/plugins/com.st.stm32cube.ide.mcu.externaltools.gnu-tools-for-stm32.11.3.rel1.win32_1.1.1.202309131626/tools/bin/../lib/gcc/arm-none-eabi/11.3.1/../../../../arm-none-eabi/lib/thumb/v7e-m+fp/hard\libc_nano.a(libc_a-writer.o)
                0x000000000800bfc8                _write_r
 .text.__errno  0x000000000800bfec        0xc C:/ST/STM32CubeIDE_1.13.2/STM32CubeIDE/plugins/com.st.stm32cube.ide.mcu.externaltools.gnu-tools-for-stm32.11.3.rel1.win32_1.1.1.202309131626/tools/bin/../lib/gcc/arm-none-eabi/11.3.1/../../../../arm-none-eabi/lib/thumb/v7e-m+fp/hard\libc_nano.a(libc_a-errno.o)
                0x000000000800bfec                __errno
 .text.__libc_init_array
                0x000000000800bff8       0x48 C:/ST/STM32CubeIDE_1.13.2/STM32CubeIDE/plugins/com.st.stm32cube.ide.mcu.externaltools.gnu-tools-for-stm32.11.3.rel1.win32_1.1.1.202309131626/tools/bin/../lib/gcc/arm-none-eabi/11.3.1/../../../../arm-none-eabi/lib/thumb/v7e-m+fp/hard\libc_nano.a(libc_a-init.o)
                0x000000000800bff8                __libc_init_array
 .text.__retarget_lock_init_recursive
                0x000000000800c040        0x2 C:/ST/STM32CubeIDE_1.13.2/STM32CubeIDE/plugins/com.st.stm32cube.ide.mcu.externaltools.gnu-tools-for-stm32.11.3.rel1.win32_1.1.1.202309131626/tools/bin/../lib/gcc/arm-none-eabi/11.3.1/../../../../arm-none-eabi/lib/thumb/v7e-m+fp/hard\libc_nano.a(libc_a-lock.o)
                0x000000000800c040                __retarget_lock_init_recursive
 .text.__retarget_lock_acquire_recursive
                0x000000000800c042        0x2 C:/ST/STM32CubeIDE_1.13.2/STM32CubeIDE/plugins/com.st.stm32cube.ide.mcu.externaltools.gnu-tools-for-stm32.11.3.rel1.win32_1.1.1.202309131626/tools/bin/../lib/gcc/arm-none-eabi/11.3.1/../../../../arm-none-eabi/lib/thumb/v7e-m+fp/hard\libc_nano.a(libc_a-lock.o)
                0x000000000800c042                __retarget_lock_acquire_recursive
 .text.__retarget_lock_release_recursive
                0x000000000800c044        0x2 C:/ST/STM32CubeIDE_1.13.2/STM32CubeIDE/plugins/com.st.stm32cube.ide.mcu.externaltools.gnu-tools-for-stm32.11.3.rel1.win32_1.1.1.202309131626/tools/bin/../lib/gcc/arm-none-eabi/11.3.1/../../../../arm-none-eabi/lib/thumb/v7e-m+fp/hard\libc_nano.a(libc_a-lock.o)
                0x000000000800c044                __retarget_lock_release_recursive
 .text.memcpy   0x000000000800c046       0x1c C:/ST/STM32CubeIDE_1.13.2/STM32CubeIDE/plugins/com.st.stm32cube.ide.mcu.externaltools.gnu-tools-for-stm32.11.3.rel1.win32_1.1.1.202309131626/tools/bin/../lib/gcc/arm-none-eabi/11.3.1/../../../../arm-none-eabi/lib/thumb/v7e-m+fp/hard\libc_nano.a(libc_a-memcpy-stub.o)
                0x000000000800c046                memcpy
 *fill*         0x000000000800c062        0x2 
 .text._free_r  0x000000000800c064       0x98 C:/ST/STM32CubeIDE_1.13.2/STM32CubeIDE/plugins/com.st.stm32cube.ide.mcu.externaltools.gnu-tools-for-stm32.11.3.rel1.win32_1.1.1.202309131626/tools/bin/../lib/gcc/arm-none-eabi/11.3.1/../../../../arm-none-eabi/lib/thumb/v7e-m+fp/hard\libc_nano.a(libc_a-freer.o)
                0x000000000800c064                _free_r
 .text.sbrk_aligned
                0x000000000800c0fc       0x40 C:/ST/STM32CubeIDE_1.13.2/STM32CubeIDE/plugins/com.st.stm32cube.ide.mcu.externaltools.gnu-tools-for-stm32.11.3.rel1.win32_1.1.1.202309131626/tools/bin/../lib/gcc/arm-none-eabi/11.3.1/../../../../arm-none-eabi/lib/thumb/v7e-m+fp/hard\libc_nano.a(libc_a-mallocr.o)
 .text._malloc_r
                0x000000000800c13c      0x100 C:/ST/STM32CubeIDE_1.13.2/STM32CubeIDE/plugins/com.st.stm32cube.ide.mcu.externaltools.gnu-tools-for-stm32.11.3.rel1.win32_1.1.1.202309131626/tools/bin/../lib/gcc/arm-none-eabi/11.3.1/../../../../arm-none-eabi/lib/thumb/v7e-m+fp/hard\libc_nano.a(libc_a-mallocr.o)
                0x000000000800c13c                _malloc_r
 .text.__malloc_lock
                0x000000000800c23c        0xc C:/ST/STM32CubeIDE_1.13.2/STM32CubeIDE/plugins/com.st.stm32cube.ide.mcu.externaltools.gnu-tools-for-stm32.11.3.rel1.win32_1.1.1.202309131626/tools/bin/../lib/gcc/arm-none-eabi/11.3.1/../../../../arm-none-eabi/lib/thumb/v7e-m+fp/hard\libc_nano.a(libc_a-mlock.o)
                0x000000000800c23c                __malloc_lock
 .text.__malloc_unlock
                0x000000000800c248        0xc C:/ST/STM32CubeIDE_1.13.2/STM32CubeIDE/plugins/com.st.stm32cube.ide.mcu.externaltools.gnu-tools-for-stm32.11.3.rel1.win32_1.1.1.202309131626/tools/bin/../lib/gcc/arm-none-eabi/11.3.1/../../../../arm-none-eabi/lib/thumb/v7e-m+fp/hard\libc_nano.a(libc_a-mlock.o)
                0x000000000800c248                __malloc_unlock
 .text.__sfputc_r
                0x000000000800c254       0x2e C:/ST/STM32CubeIDE_1.13.2/STM32CubeIDE/plugins/com.st.stm32cube.ide.mcu.externaltools.gnu-tools-for-stm32.11.3.rel1.win32_1.1.1.202309131626/tools/bin/../lib/gcc/arm-none-eabi/11.3.1/../../../../arm-none-eabi/lib/thumb/v7e-m+fp/hard\libc_nano.a(libc_a-nano-vfprintf.o)
 .text.__sfputs_r
                0x000000000800c282       0x24 C:/ST/STM32CubeIDE_1.13.2/STM32CubeIDE/plugins/com.st.stm32cube.ide.mcu.externaltools.gnu-tools-for-stm32.11.3.rel1.win32_1.1.1.202309131626/tools/bin/../lib/gcc/arm-none-eabi/11.3.1/../../../../arm-none-eabi/lib/thumb/v7e-m+fp/hard\libc_nano.a(libc_a-nano-vfprintf.o)
                0x000000000800c282                __sfputs_r
 *fill*         0x000000000800c2a6        0x2 
 .text._vfprintf_r
                0x000000000800c2a8      0x234 C:/ST/STM32CubeIDE_1.13.2/STM32CubeIDE/plugins/com.st.stm32cube.ide.mcu.externaltools.gnu-tools-for-stm32.11.3.rel1.win32_1.1.1.202309131626/tools/bin/../lib/gcc/arm-none-eabi/11.3.1/../../../../arm-none-eabi/lib/thumb/v7e-m+fp/hard\libc_nano.a(libc_a-nano-vfprintf.o)
                0x000000000800c2a8                _vfprintf_r
                0x000000000800c2a8                _vfiprintf_r
 .text._printf_common
                0x000000000800c4dc       0xda C:/ST/STM32CubeIDE_1.13.2/STM32CubeIDE/plugins/com.st.stm32cube.ide.mcu.externaltools.gnu-tools-for-stm32.11.3.rel1.win32_1.1.1.202309131626/tools/bin/../lib/gcc/arm-none-eabi/11.3.1/../../../../arm-none-eabi/lib/thumb/v7e-m+fp/hard\libc_nano.a(libc_a-nano-vfprintf_i.o)
                0x000000000800c4dc                _printf_common
 *fill*         0x000000000800c5b6        0x2 
 .text._printf_i
                0x000000000800c5b8      0x244 C:/ST/STM32CubeIDE_1.13.2/STM32CubeIDE/plugins/com.st.stm32cube.ide.mcu.externaltools.gnu-tools-for-stm32.11.3.rel1.win32_1.1.1.202309131626/tools/bin/../lib/gcc/arm-none-eabi/11.3.1/../../../../arm-none-eabi/lib/thumb/v7e-m+fp/hard\libc_nano.a(libc_a-nano-vfprintf_i.o)
                0x000000000800c5b8                _printf_i
 .text.__sflush_r
                0x000000000800c7fc      0x10c C:/ST/STM32CubeIDE_1.13.2/STM32CubeIDE/plugins/com.st.stm32cube.ide.mcu.externaltools.gnu-tools-for-stm32.11.3.rel1.win32_1.1.1.202309131626/tools/bin/../lib/gcc/arm-none-eabi/11.3.1/../../../../arm-none-eabi/lib/thumb/v7e-m+fp/hard\libc_nano.a(libc_a-fflush.o)
                0x000000000800c7fc                __sflush_r
 .text._fflush_r
                0x000000000800c908       0x50 C:/ST/STM32CubeIDE_1.13.2/STM32CubeIDE/plugins/com.st.stm32cube.ide.mcu.externaltools.gnu-tools-for-stm32.11.3.rel1.win32_1.1.1.202309131626/tools/bin/../lib/gcc/arm-none-eabi/11.3.1/../../../../arm-none-eabi/lib/thumb/v7e-m+fp/hard\libc_nano.a(libc_a-fflush.o)
                0x000000000800c908                _fflush_r
 .text.__swhatbuf_r
                0x000000000800c958       0x4c C:/ST/STM32CubeIDE_1.13.2/STM32CubeIDE/plugins/com.st.stm32cube.ide.mcu.externaltools.gnu-tools-for-stm32.11.3.rel1.win32_1.1.1.202309131626/tools/bin/../lib/gcc/arm-none-eabi/11.3.1/../../../../arm-none-eabi/lib/thumb/v7e-m+fp/hard\libc_nano.a(libc_a-makebuf.o)
                0x000000000800c958                __swhatbuf_r
 .text.__smakebuf_r
                0x000000000800c9a4       0x78 C:/ST/STM32CubeIDE_1.13.2/STM32CubeIDE/plugins/com.st.stm32cube.ide.mcu.externaltools.gnu-tools-for-stm32.11.3.rel1.win32_1.1.1.202309131626/tools/bin/../lib/gcc/arm-none-eabi/11.3.1/../../../../arm-none-eabi/lib/thumb/v7e-m+fp/hard\libc_nano.a(libc_a-makebuf.o)
                0x000000000800c9a4                __smakebuf_r
 .text._fstat_r
                0x000000000800ca1c       0x24 C:/ST/STM32CubeIDE_1.13.2/STM32CubeIDE/plugins/com.st.stm32cube.ide.mcu.externaltools.gnu-tools-for-stm32.11.3.rel1.win32_1.1.1.202309131626/tools/bin/../lib/gcc/arm-none-eabi/11.3.1/../../../../arm-none-eabi/lib/thumb/v7e-m+fp/hard\libc_nano.a(libc_a-fstatr.o)
                0x000000000800ca1c                _fstat_r
 .text._isatty_r
                0x000000000800ca40       0x20 C:/ST/STM32CubeIDE_1.13.2/STM32CubeIDE/plugins/com.st.stm32cube.ide.mcu.externaltools.gnu-tools-for-stm32.11.3.rel1.win32_1.1.1.202309131626/tools/bin/../lib/gcc/arm-none-eabi/11.3.1/../../../../arm-none-eabi/lib/thumb/v7e-m+fp/hard\libc_nano.a(libc_a-isattyr.o)
                0x000000000800ca40                _isatty_r
 .text._sbrk_r  0x000000000800ca60       0x20 C:/ST/STM32CubeIDE_1.13.2/STM32CubeIDE/plugins/com.st.stm32cube.ide.mcu.externaltools.gnu-tools-for-stm32.11.3.rel1.win32_1.1.1.202309131626/tools/bin/../lib/gcc/arm-none-eabi/11.3.1/../../../../arm-none-eabi/lib/thumb/v7e-m+fp/hard\libc_nano.a(libc_a-sbrkr.o)
                0x000000000800ca60                _sbrk_r
 *(.glue_7)
 .glue_7        0x000000000800ca80        0x0 linker stubs
 *(.glue_7t)
 .glue_7t       0x000000000800ca80        0x0 linker stubs
 *(.eh_frame)
 .eh_frame      0x000000000800ca80        0x0 C:/ST/STM32CubeIDE_1.13.2/STM32CubeIDE/plugins/com.st.stm32cube.ide.mcu.externaltools.gnu-tools-for-stm32.11.3.rel1.win32_1.1.1.202309131626/tools/bin/../lib/gcc/arm-none-eabi/11.3.1/thumb/v7e-m+fp/hard/crtbegin.o
 *(.init)
 .init          0x000000000800ca80        0x4 C:/ST/STM32CubeIDE_1.13.2/STM32CubeIDE/plugins/com.st.stm32cube.ide.mcu.externaltools.gnu-tools-for-stm32.11.3.rel1.win32_1.1.1.202309131626/tools/bin/../lib/gcc/arm-none-eabi/11.3.1/thumb/v7e-m+fp/hard/crti.o
                0x000000000800ca80                _init
 .init          0x000000000800ca84        0x8 C:/ST/STM32CubeIDE_1.13.2/STM32CubeIDE/plugins/com.st.stm32cube.ide.mcu.externaltools.gnu-tools-for-stm32.11.3.rel1.win32_1.1.1.202309131626/tools/bin/../lib/gcc/arm-none-eabi/11.3.1/thumb/v7e-m+fp/hard/crtn.o
 *(.fini)
 .fini          0x000000000800ca8c        0x4 C:/ST/STM32CubeIDE_1.13.2/STM32CubeIDE/plugins/com.st.stm32cube.ide.mcu.externaltools.gnu-tools-for-stm32.11.3.rel1.win32_1.1.1.202309131626/tools/bin/../lib/gcc/arm-none-eabi/11.3.1/thumb/v7e-m+fp/hard/crti.o
                0x000000000800ca8c                _fini
 .fini          0x000000000800ca90        0x8 C:/ST/STM32CubeIDE_1.13.2/STM32CubeIDE/plugins/com.st.stm32cube.ide.mcu.externaltools.gnu-tools-for-stm32.11.3.rel1.win32_1.1.1.202309131626/tools/bin/../lib/gcc/arm-none-eabi/11.3.1/thumb/v7e-m+fp/hard/crtn.o
                0x000000000800ca98                . = ALIGN (0x4)
                0x000000000800ca98                _etext = .

.vfp11_veneer   0x000000000800ca98        0x0
 .vfp11_veneer  0x000000000800ca98        0x0 linker stubs

.v4_bx          0x000000000800ca98        0x0
 .v4_bx         0x000000000800ca98        0x0 linker stubs

.iplt           0x000000000800ca98        0x0
 .iplt          0x000000000800ca98        0x0 C:/ST/STM32CubeIDE_1.13.2/STM32CubeIDE/plugins/com.st.stm32cube.ide.mcu.externaltools.gnu-tools-for-stm32.11.3.rel1.win32_1.1.1.202309131626/tools/bin/../lib/gcc/arm-none-eabi/11.3.1/thumb/v7e-m+fp/hard/crtbegin.o

.rodata         0x000000000800ca98      0x6bc
                0x000000000800ca98                . = ALIGN (0x4)
 *(.rodata)
 .rodata        0x000000000800ca98       0x1d ./Core/Src/at24cxx.o
 *fill*         0x000000000800cab5        0x3 
 .rodata        0x000000000800cab8      0x1a1 ./Core/Src/main.o
 *fill*         0x000000000800cc59        0x3 
 .rodata        0x000000000800cc5c      0x203 ./Core/Src/xl430.o
 *fill*         0x000000000800ce5f        0x1 
 .rodata        0x000000000800ce60        0x5 ./Middlewares/Third_Party/FreeRTOS/Source/tasks.o
 *fill*         0x000000000800ce65        0x3 
 .rodata        0x000000000800ce68        0xd ./Middlewares/Third_Party/FreeRTOS/Source/timers.o
 *(.rodata*)
 *fill*         0x000000000800ce75        0x3 
 .rodata.defaultTask_attributes
                0x000000000800ce78       0x24 ./Core/Src/main.o
                0x000000000800ce78                defaultTask_attributes
 .rodata.Task_VIT_attributes
                0x000000000800ce9c       0x24 ./Core/Src/main.o
                0x000000000800ce9c                Task_VIT_attributes
 .rodata.Task_Motor_attributes
                0x000000000800cec0       0x24 ./Core/Src/main.o
                0x000000000800cec0                Task_Motor_attributes
 .rodata.Task_Data_attributes
                0x000000000800cee4       0x24 ./Core/Src/main.o
                0x000000000800cee4                Task_Data_attributes
 .rodata.Task_GetCMD_attributes
                0x000000000800cf08       0x24 ./Core/Src/main.o
                0x000000000800cf08                Task_GetCMD_attributes
 .rodata.Task_BLE_attributes
                0x000000000800cf2c       0x24 ./Core/Src/main.o
                0x000000000800cf2c                Task_BLE_attributes
 .rodata.ble_IT_attributes
                0x000000000800cf50       0x18 ./Core/Src/main.o
                0x000000000800cf50                ble_IT_attributes
 .rodata.voice_IT_attributes
                0x000000000800cf68       0x18 ./Core/Src/main.o
                0x000000000800cf68                voice_IT_attributes
 .rodata.pos_data_attributes
                0x000000000800cf80       0x18 ./Core/Src/main.o
                0x000000000800cf80                pos_data_attributes
 .rodata.voice_data_attributes
                0x000000000800cf98       0x18 ./Core/Src/main.o
                0x000000000800cf98                voice_data_attributes
 .rodata.pos_single_attributes
                0x000000000800cfb0       0x18 ./Core/Src/main.o
                0x000000000800cfb0                pos_single_attributes
 .rodata.bSem_BLE_attributes
                0x000000000800cfc8       0x10 ./Core/Src/main.o
                0x000000000800cfc8                bSem_BLE_attributes
 .rodata.bSem_Voice_attributes
                0x000000000800cfd8       0x10 ./Core/Src/main.o
                0x000000000800cfd8                bSem_Voice_attributes
 .rodata.cmdFlag_attributes
                0x000000000800cfe8       0x10 ./Core/Src/main.o
                0x000000000800cfe8                cmdFlag_attributes
 .rodata.i2cFlag_attributes
                0x000000000800cff8       0x10 ./Core/Src/main.o
                0x000000000800cff8                i2cFlag_attributes
 .rodata.AHBPrescTable
                0x000000000800d008       0x10 ./Core/Src/system_stm32f4xx.o
                0x000000000800d008                AHBPrescTable
 .rodata.APBPrescTable
                0x000000000800d018        0x8 ./Core/Src/system_stm32f4xx.o
                0x000000000800d018                APBPrescTable
 .rodata._ctype_
                0x000000000800d020      0x101 C:/ST/STM32CubeIDE_1.13.2/STM32CubeIDE/plugins/com.st.stm32cube.ide.mcu.externaltools.gnu-tools-for-stm32.11.3.rel1.win32_1.1.1.202309131626/tools/bin/../lib/gcc/arm-none-eabi/11.3.1/../../../../arm-none-eabi/lib/thumb/v7e-m+fp/hard\libc_nano.a(libc_a-ctype_.o)
                0x000000000800d020                _ctype_
 .rodata._vfprintf_r.str1.1
                0x000000000800d121       0x11 C:/ST/STM32CubeIDE_1.13.2/STM32CubeIDE/plugins/com.st.stm32cube.ide.mcu.externaltools.gnu-tools-for-stm32.11.3.rel1.win32_1.1.1.202309131626/tools/bin/../lib/gcc/arm-none-eabi/11.3.1/../../../../arm-none-eabi/lib/thumb/v7e-m+fp/hard\libc_nano.a(libc_a-nano-vfprintf.o)
 .rodata._printf_i.str1.1
                0x000000000800d132       0x22 C:/ST/STM32CubeIDE_1.13.2/STM32CubeIDE/plugins/com.st.stm32cube.ide.mcu.externaltools.gnu-tools-for-stm32.11.3.rel1.win32_1.1.1.202309131626/tools/bin/../lib/gcc/arm-none-eabi/11.3.1/../../../../arm-none-eabi/lib/thumb/v7e-m+fp/hard\libc_nano.a(libc_a-nano-vfprintf_i.o)
                0x000000000800d154                . = ALIGN (0x4)

.ARM.extab      0x000000000800d154        0x0
                0x000000000800d154                . = ALIGN (0x4)
 *(.ARM.extab* .gnu.linkonce.armextab.*)
                0x000000000800d154                . = ALIGN (0x4)

.ARM            0x000000000800d154        0x8
                0x000000000800d154                . = ALIGN (0x4)
                0x000000000800d154                __exidx_start = .
 *(.ARM.exidx*)
 .ARM.exidx     0x000000000800d154        0x8 C:/ST/STM32CubeIDE_1.13.2/STM32CubeIDE/plugins/com.st.stm32cube.ide.mcu.externaltools.gnu-tools-for-stm32.11.3.rel1.win32_1.1.1.202309131626/tools/bin/../lib/gcc/arm-none-eabi/11.3.1/thumb/v7e-m+fp/hard\libgcc.a(_udivmoddi4.o)
                0x000000000800d15c                __exidx_end = .
                0x000000000800d15c                . = ALIGN (0x4)

.rel.dyn        0x000000000800d15c        0x0
 .rel.iplt      0x000000000800d15c        0x0 C:/ST/STM32CubeIDE_1.13.2/STM32CubeIDE/plugins/com.st.stm32cube.ide.mcu.externaltools.gnu-tools-for-stm32.11.3.rel1.win32_1.1.1.202309131626/tools/bin/../lib/gcc/arm-none-eabi/11.3.1/thumb/v7e-m+fp/hard/crtbegin.o

.preinit_array  0x000000000800d15c        0x0
                0x000000000800d15c                . = ALIGN (0x4)
                0x000000000800d15c                PROVIDE (__preinit_array_start = .)
 *(.preinit_array*)
                0x000000000800d15c                PROVIDE (__preinit_array_end = .)
                0x000000000800d15c                . = ALIGN (0x4)

.init_array     0x000000000800d15c        0x4
                0x000000000800d15c                . = ALIGN (0x4)
                0x000000000800d15c                PROVIDE (__init_array_start = .)
 *(SORT_BY_NAME(.init_array.*))
 *(.init_array*)
 .init_array    0x000000000800d15c        0x4 C:/ST/STM32CubeIDE_1.13.2/STM32CubeIDE/plugins/com.st.stm32cube.ide.mcu.externaltools.gnu-tools-for-stm32.11.3.rel1.win32_1.1.1.202309131626/tools/bin/../lib/gcc/arm-none-eabi/11.3.1/thumb/v7e-m+fp/hard/crtbegin.o
                0x000000000800d160                PROVIDE (__init_array_end = .)
                0x000000000800d160                . = ALIGN (0x4)

.fini_array     0x000000000800d160        0x4
                0x000000000800d160                . = ALIGN (0x4)
                [!provide]                        PROVIDE (__fini_array_start = .)
 *(SORT_BY_NAME(.fini_array.*))
 *(.fini_array*)
 .fini_array    0x000000000800d160        0x4 C:/ST/STM32CubeIDE_1.13.2/STM32CubeIDE/plugins/com.st.stm32cube.ide.mcu.externaltools.gnu-tools-for-stm32.11.3.rel1.win32_1.1.1.202309131626/tools/bin/../lib/gcc/arm-none-eabi/11.3.1/thumb/v7e-m+fp/hard/crtbegin.o
                [!provide]                        PROVIDE (__fini_array_end = .)
                0x000000000800d164                . = ALIGN (0x4)
                0x000000000800d164                _sidata = LOADADDR (.data)

.data           0x0000000020000000       0x6c load address 0x000000000800d164
                0x0000000020000000                . = ALIGN (0x4)
                0x0000000020000000                _sdata = .
 *(.data)
 *(.data*)
 .data.SystemCoreClock
                0x0000000020000000        0x4 ./Core/Src/system_stm32f4xx.o
                0x0000000020000000                SystemCoreClock
 .data.uwTickPrio
                0x0000000020000004        0x4 ./Drivers/STM32F4xx_HAL_Driver/Src/stm32f4xx_hal.o
                0x0000000020000004                uwTickPrio
 .data.uwTickFreq
                0x0000000020000008        0x1 ./Drivers/STM32F4xx_HAL_Driver/Src/stm32f4xx_hal.o
                0x0000000020000008                uwTickFreq
 *fill*         0x0000000020000009        0x3 
 .data.uxCriticalNesting
                0x000000002000000c        0x4 ./Middlewares/Third_Party/FreeRTOS/Source/portable/GCC/ARM_CM4F/port.o
 .data.__sglue  0x0000000020000010        0xc C:/ST/STM32CubeIDE_1.13.2/STM32CubeIDE/plugins/com.st.stm32cube.ide.mcu.externaltools.gnu-tools-for-stm32.11.3.rel1.win32_1.1.1.202309131626/tools/bin/../lib/gcc/arm-none-eabi/11.3.1/../../../../arm-none-eabi/lib/thumb/v7e-m+fp/hard\libc_nano.a(libc_a-findfp.o)
                0x0000000020000010                __sglue
 .data._impure_data
                0x000000002000001c       0x4c C:/ST/STM32CubeIDE_1.13.2/STM32CubeIDE/plugins/com.st.stm32cube.ide.mcu.externaltools.gnu-tools-for-stm32.11.3.rel1.win32_1.1.1.202309131626/tools/bin/../lib/gcc/arm-none-eabi/11.3.1/../../../../arm-none-eabi/lib/thumb/v7e-m+fp/hard\libc_nano.a(libc_a-impure.o)
                0x000000002000001c                _impure_data
 .data._impure_ptr
                0x0000000020000068        0x4 C:/ST/STM32CubeIDE_1.13.2/STM32CubeIDE/plugins/com.st.stm32cube.ide.mcu.externaltools.gnu-tools-for-stm32.11.3.rel1.win32_1.1.1.202309131626/tools/bin/../lib/gcc/arm-none-eabi/11.3.1/../../../../arm-none-eabi/lib/thumb/v7e-m+fp/hard\libc_nano.a(libc_a-impure.o)
                0x0000000020000068                _impure_ptr
 *(.RamFunc)
 *(.RamFunc*)
                0x000000002000006c                . = ALIGN (0x4)
                0x000000002000006c                _edata = .
                0x000000000800d1d0                _siccmram = LOADADDR (.ccmram)

.igot.plt       0x000000002000006c        0x0 load address 0x000000000800d1d0
 .igot.plt      0x000000002000006c        0x0 C:/ST/STM32CubeIDE_1.13.2/STM32CubeIDE/plugins/com.st.stm32cube.ide.mcu.externaltools.gnu-tools-for-stm32.11.3.rel1.win32_1.1.1.202309131626/tools/bin/../lib/gcc/arm-none-eabi/11.3.1/thumb/v7e-m+fp/hard/crtbegin.o

.ccmram         0x0000000010000000        0x0 load address 0x000000000800d1d0
                0x0000000010000000                . = ALIGN (0x4)
                0x0000000010000000                _sccmram = .
 *(.ccmram)
 *(.ccmram*)
                0x0000000010000000                . = ALIGN (0x4)
                0x0000000010000000                _eccmram = .
                0x0000000010000000                . = ALIGN (0x4)

.bss            0x000000002000006c     0x4d70
                0x000000002000006c                _sbss = .
                0x000000002000006c                __bss_start__ = _sbss
 *(.bss)
 .bss           0x000000002000006c       0x1c C:/ST/STM32CubeIDE_1.13.2/STM32CubeIDE/plugins/com.st.stm32cube.ide.mcu.externaltools.gnu-tools-for-stm32.11.3.rel1.win32_1.1.1.202309131626/tools/bin/../lib/gcc/arm-none-eabi/11.3.1/thumb/v7e-m+fp/hard/crtbegin.o
 *(.bss*)
 .bss.hcan2     0x0000000020000088       0x28 ./Core/Src/main.o
                0x0000000020000088                hcan2
 .bss.hi2c1     0x00000000200000b0       0x54 ./Core/Src/main.o
                0x00000000200000b0                hi2c1
 .bss.huart2    0x0000000020000104       0x44 ./Core/Src/main.o
                0x0000000020000104                huart2
 .bss.huart3    0x0000000020000148       0x44 ./Core/Src/main.o
                0x0000000020000148                huart3
 .bss.defaultTaskHandle
                0x000000002000018c        0x4 ./Core/Src/main.o
                0x000000002000018c                defaultTaskHandle
 .bss.Task_VITHandle
                0x0000000020000190        0x4 ./Core/Src/main.o
                0x0000000020000190                Task_VITHandle
 .bss.Task_MotorHandle
                0x0000000020000194        0x4 ./Core/Src/main.o
                0x0000000020000194                Task_MotorHandle
 .bss.Task_DataHandle
                0x0000000020000198        0x4 ./Core/Src/main.o
                0x0000000020000198                Task_DataHandle
 .bss.Task_GetCMDHandle
                0x000000002000019c        0x4 ./Core/Src/main.o
                0x000000002000019c                Task_GetCMDHandle
 .bss.Task_BLEHandle
                0x00000000200001a0        0x4 ./Core/Src/main.o
                0x00000000200001a0                Task_BLEHandle
 .bss.ble_ITHandle
                0x00000000200001a4        0x4 ./Core/Src/main.o
                0x00000000200001a4                ble_ITHandle
 .bss.voice_ITHandle
                0x00000000200001a8        0x4 ./Core/Src/main.o
                0x00000000200001a8                voice_ITHandle
 .bss.pos_dataHandle
                0x00000000200001ac        0x4 ./Core/Src/main.o
                0x00000000200001ac                pos_dataHandle
 .bss.voice_dataHandle
                0x00000000200001b0        0x4 ./Core/Src/main.o
                0x00000000200001b0                voice_dataHandle
 .bss.pos_singleHandle
                0x00000000200001b4        0x4 ./Core/Src/main.o
                0x00000000200001b4                pos_singleHandle
 .bss.bSem_BLEHandle
                0x00000000200001b8        0x4 ./Core/Src/main.o
                0x00000000200001b8                bSem_BLEHandle
 .bss.bSem_VoiceHandle