15:01:03 **** Incremental Build of configuration Debug for project 6_Axes_Firmware ****
make -j16 all 
arm-none-eabi-gcc "../Core/Src/main.c" -mcpu=cortex-m4 -std=gnu11 -g3 -DDEBUG -DUSE_HAL_DRIVER -DSTM32F407xx -c -I../Core/Inc -I../Drivers/STM32F4xx_HAL_Driver/Inc -I../Drivers/STM32F4xx_HAL_Driver/Inc/Legacy -I../Drivers/CMSIS/Device/ST/STM32F4xx/Include -I../Drivers/CMSIS/Include -O0 -ffunction-sections -fdata-sections -Wall -fstack-usage -fcyclomatic-complexity -MMD -MP -MF"Core/Src/main.d" -MT"Core/Src/main.o" --specs=nano.specs -mfpu=fpv4-sp-d16 -mfloat-abi=hard -mthumb -o "Core/Src/main.o"
arm-none-eabi-gcc -o "6_Axes_Firmware.elf" @"objects.list"   -mcpu=cortex-m4 -T"C:\Users\KkangJun\Desktop\Project\6_Axes_Manipulator\Program\6_Axes_Firmware\STM32F407VETX_FLASH.ld" --specs=nosys.specs -Wl,-Map="6_Axes_Firmware.map" -Wl,--gc-sections -static --specs=nano.specs -mfpu=fpv4-sp-d16 -mfloat-abi=hard -mthumb -Wl,--start-group -lc -lm -Wl,--end-group
Finished building target: 6_Axes_Firmware.elf
 
arm-none-eabi-size   6_Axes_Firmware.elf 
arm-none-eabi-objdump -h -S  6_Axes_Firmware.elf  > "6_Axes_Firmware.list"
   text	   data	    bss	    dec	    hex	filename
   9764	     20	   1820	  11604	   2d54	6_Axes_Firmware.elf
Finished building: default.size.stdout
 
Finished building: 6_Axes_Firmware.list
 

15:01:04 Build Finished. 0 errors, 0 warnings. (took 612ms)

