10:17:54 **** Build of configuration Debug for project 6_Axis_Firmware ****
make -j16 all 
arm-none-eabi-gcc "../Core/Src/main.c" -mcpu=cortex-m4 -std=gnu11 -g3 -DDEBUG -DUSE_HAL_DRIVER -DSTM32F407xx -c -I../Core/Inc -I../Drivers/STM32F4xx_HAL_Driver/Inc -I../Drivers/STM32F4xx_HAL_Driver/Inc/Legacy -I../Drivers/CMSIS/Device/ST/STM32F4xx/Include -I../Drivers/CMSIS/Include -I../Middlewares/Third_Party/FreeRTOS/Source/include -I../Middlewares/Third_Party/FreeRTOS/Source/CMSIS_RTOS_V2 -I../Middlewares/Third_Party/FreeRTOS/Source/portable/GCC/ARM_CM4F -O0 -ffunction-sections -fdata-sections -Wall -fstack-usage -fcyclomatic-complexity -MMD -MP -MF"Core/Src/main.d" -MT"Core/Src/main.o" --specs=nano.specs -mfpu=fpv4-sp-d16 -mfloat-abi=hard -mthumb -o "Core/Src/main.o"
../Core/Src/main.c: In function 'PosSetDataParsing':
../Core/Src/main.c:601:42: warning: pointer targets in passing argument 1 of 'strtoul' differ in signedness [-Wpointer-sign]
  601 |         data->pos1 = (int32_t) (strtoul(p->pos1, NULL, 10) - MG4005_ID1_OFFSET);
      |                                         ~^~~~~~
      |                                          |
      |                                          uint8_t * {aka unsigned char *}
In file included from ../Core/Src/main.c:26:
C:\ST\STM32CubeIDE_1.13.2\STM32CubeIDE\plugins\com.st.stm32cube.ide.mcu.externaltools.gnu-tools-for-stm32.11.3.rel1.win32_1.1.1.202309131626\tools\bin/../lib/gcc/arm-none-eabi/11.3.1/../../../../arm-none-eabi/include/stdlib.h:173:47: note: expected 'const char * restrict' but argument is of type 'uint8_t *' {aka 'unsigned char *'}
  173 | unsigned long strtoul (const char *__restrict __n, char **__restrict __end_PTR, int __base);
      |                        ~~~~~~~~~~~~~~~~~~~~~~~^~~
../Core/Src/main.c:602:41: warning: pointer targets in passing argument 1 of 'strtoul' differ in signedness [-Wpointer-sign]
  602 |         data->pos2 = (int32_t) strtoul(p->pos2, NULL, 10);
      |                                        ~^~~~~~
      |                                         |
      |                                         uint8_t * {aka unsigned char *}
In file included from ../Core/Src/main.c:26:
C:\ST\STM32CubeIDE_1.13.2\STM32CubeIDE\plugins\com.st.stm32cube.ide.mcu.externaltools.gnu-tools-for-stm32.11.3.rel1.win32_1.1.1.202309131626\tools\bin/../lib/gcc/arm-none-eabi/11.3.1/../../../../arm-none-eabi/include/stdlib.h:173:47: note: expected 'const char * restrict' but argument is of type 'uint8_t *' {aka 'unsigned char *'}
  173 | unsigned long strtoul (const char *__restrict __n, char **__restrict __end_PTR, int __base);
      |                        ~~~~~~~~~~~~~~~~~~~~~~~^~~
../Core/Src/main.c:603:41: warning: pointer targets in passing argument 1 of 'strtoul' differ in signedness [-Wpointer-sign]
  603 |         data->pos3 = (int32_t) strtoul(p->pos3, NULL, 10);
      |                                        ~^~~~~~
      |                                         |
      |                                         uint8_t * {aka unsigned char *}
In file included from ../Core/Src/main.c:26:
C:\ST\STM32CubeIDE_1.13.2\STM32CubeIDE\plugins\com.st.stm32cube.ide.mcu.externaltools.gnu-tools-for-stm32.11.3.rel1.win32_1.1.1.202309131626\tools\bin/../lib/gcc/arm-none-eabi/11.3.1/../../../../arm-none-eabi/include/stdlib.h:173:47: note: expected 'const char * restrict' but argument is of type 'uint8_t *' {aka 'unsigned char *'}
  173 | unsigned long strtoul (const char *__restrict __n, char **__restrict __end_PTR, int __base);
      |                        ~~~~~~~~~~~~~~~~~~~~~~~^~~
../Core/Src/main.c:604:41: warning: pointer targets in passing argument 1 of 'strtoul' differ in signedness [-Wpointer-sign]
  604 |         data->pos4 = (int32_t) strtoul(p->pos4, NULL, 10);
      |                                        ~^~~~~~
      |                                         |
      |                                         uint8_t * {aka unsigned char *}
In file included from ../Core/Src/main.c:26:
C:\ST\STM32CubeIDE_1.13.2\STM32CubeIDE\plugins\com.st.stm32cube.ide.mcu.externaltools.gnu-tools-for-stm32.11.3.rel1.win32_1.1.1.202309131626\tools\bin/../lib/gcc/arm-none-eabi/11.3.1/../../../../arm-none-eabi/include/stdlib.h:173:47: note: expected 'const char * restrict' but argument is of type 'uint8_t *' {aka 'unsigned char *'}
  173 | unsigned long strtoul (const char *__restrict __n, char **__restrict __end_PTR, int __base);
      |                        ~~~~~~~~~~~~~~~~~~~~~~~^~~
../Core/Src/main.c:605:41: warning: pointer targets in passing argument 1 of 'strtoul' differ in signedness [-Wpointer-sign]
  605 |         data->pos5 = (int32_t) strtoul(p->pos5, NULL, 10);
      |                                        ~^~~~~~
      |                                         |
      |                                         uint8_t * {aka unsigned char *}
In file included from ../Core/Src/main.c:26:
C:\ST\STM32CubeIDE_1.13.2\STM32CubeIDE\plugins\com.st.stm32cube.ide.mcu.externaltools.gnu-tools-for-stm32.11.3.rel1.win32_1.1.1.202309131626\tools\bin/../lib/gcc/arm-none-eabi/11.3.1/../../../../arm-none-eabi/include/stdlib.h:173:47: note: expected 'const char * restrict' but argument is of type 'uint8_t *' {aka 'unsigned char *'}
  173 | unsigned long strtoul (const char *__restrict __n, char **__restrict __end_PTR, int __base);
      |                        ~~~~~~~~~~~~~~~~~~~~~~~^~~
../Core/Src/main.c:606:41: warning: pointer targets in passing argument 1 of 'strtoul' differ in signedness [-Wpointer-sign]
  606 |         data->pos6 = (int32_t) strtoul(p->pos6, NULL, 10);
      |                                        ~^~~~~~
      |                                         |
      |                                         uint8_t * {aka unsigned char *}
In file included from ../Core/Src/main.c:26:
C:\ST\STM32CubeIDE_1.13.2\STM32CubeIDE\plugins\com.st.stm32cube.ide.mcu.externaltools.gnu-tools-for-stm32.11.3.rel1.win32_1.1.1.202309131626\tools\bin/../lib/gcc/arm-none-eabi/11.3.1/../../../../arm-none-eabi/include/stdlib.h:173:47: note: expected 'const char * restrict' but argument is of type 'uint8_t *' {aka 'unsigned char *'}
  173 | unsigned long strtoul (const char *__restrict __n, char **__restrict __end_PTR, int __base);
      |                        ~~~~~~~~~~~~~~~~~~~~~~~^~~
../Core/Src/main.c: In function 'posSingleDataParsing':
../Core/Src/main.c:611:40: warning: pointer targets in passing argument 1 of 'strtoul' differ in signedness [-Wpointer-sign]
  611 |         data->pos = (int16_t) strtoul(p->pos1, NULL, 10);
      |                                       ~^~~~~~
      |                                        |
      |                                        uint8_t * {aka unsigned char *}
In file included from ../Core/Src/main.c:26:
C:\ST\STM32CubeIDE_1.13.2\STM32CubeIDE\plugins\com.st.stm32cube.ide.mcu.externaltools.gnu-tools-for-stm32.11.3.rel1.win32_1.1.1.202309131626\tools\bin/../lib/gcc/arm-none-eabi/11.3.1/../../../../arm-none-eabi/include/stdlib.h:173:47: note: expected 'const char * restrict' but argument is of type 'uint8_t *' {aka 'unsigned char *'}
  173 | unsigned long strtoul (const char *__restrict __n, char **__restrict __end_PTR, int __base);
      |                        ~~~~~~~~~~~~~~~~~~~~~~~^~~
../Core/Src/main.c: In function 'PosSaveDataParsing':
../Core/Src/main.c:616:43: warning: pointer targets in passing argument 1 of 'strtoul' differ in signedness [-Wpointer-sign]
  616 |         int16_t pos1 = (int16_t) strtoul(p->pos1, NULL, 10);
      |                                          ~^~~~~~
      |                                           |
      |                                           uint8_t * {aka unsigned char *}
In file included from ../Core/Src/main.c:26:
C:\ST\STM32CubeIDE_1.13.2\STM32CubeIDE\plugins\com.st.stm32cube.ide.mcu.externaltools.gnu-tools-for-stm32.11.3.rel1.win32_1.1.1.202309131626\tools\bin/../lib/gcc/arm-none-eabi/11.3.1/../../../../arm-none-eabi/include/stdlib.h:173:47: note: expected 'const char * restrict' but argument is of type 'uint8_t *' {aka 'unsigned char *'}
  173 | unsigned long strtoul (const char *__restrict __n, char **__restrict __end_PTR, int __base);
      |                        ~~~~~~~~~~~~~~~~~~~~~~~^~~
../Core/Src/main.c:617:43: warning: pointer targets in passing argument 1 of 'strtoul' differ in signedness [-Wpointer-sign]
  617 |         int16_t pos2 = (int16_t) strtoul(p->pos2, NULL, 10);
      |                                          ~^~~~~~
      |                                           |
      |                                           uint8_t * {aka unsigned char *}
In file included from ../Core/Src/main.c:26:
C:\ST\STM32CubeIDE_1.13.2\STM32CubeIDE\plugins\com.st.stm32cube.ide.mcu.externaltools.gnu-tools-for-stm32.11.3.rel1.win32_1.1.1.202309131626\tools\bin/../lib/gcc/arm-none-eabi/11.3.1/../../../../arm-none-eabi/include/stdlib.h:173:47: note: expected 'const char * restrict' but argument is of type 'uint8_t *' {aka 'unsigned char *'}
  173 | unsigned long strtoul (const char *__restrict __n, char **__restrict __end_PTR, int __base);
      |                        ~~~~~~~~~~~~~~~~~~~~~~~^~~
../Core/Src/main.c:618:43: warning: pointer targets in passing argument 1 of 'strtoul' differ in signedness [-Wpointer-sign]
  618 |         int16_t pos3 = (int16_t) strtoul(p->pos3, NULL, 10);
      |                                          ~^~~~~~
      |                                           |
      |                                           uint8_t * {aka unsigned char *}
In file included from ../Core/Src/main.c:26:
C:\ST\STM32CubeIDE_1.13.2\STM32CubeIDE\plugins\com.st.stm32cube.ide.mcu.externaltools.gnu-tools-for-stm32.11.3.rel1.win32_1.1.1.202309131626\tools\bin/../lib/gcc/arm-none-eabi/11.3.1/../../../../arm-none-eabi/include/stdlib.h:173:47: note: expected 'const char * restrict' but argument is of type 'uint8_t *' {aka 'unsigned char *'}
  173 | unsigned long strtoul (const char *__restrict __n, char **__restrict __end_PTR, int __base);
      |                        ~~~~~~~~~~~~~~~~~~~~~~~^~~
../Core/Src/main.c:619:43: warning: pointer targets in passing argument 1 of 'strtoul' differ in signedness [-Wpointer-sign]
  619 |         int16_t pos4 = (int16_t) strtoul(p->pos4, NULL, 10);
      |                                          ~^~~~~~
      |                                           |
      |                                           uint8_t * {aka unsigned char *}
In file included from ../Core/Src/main.c:26:
C:\ST\STM32CubeIDE_1.13.2\STM32CubeIDE\plugins\com.st.stm32cube.ide.mcu.externaltools.gnu-tools-for-stm32.11.3.rel1.win32_1.1.1.202309131626\tools\bin/../lib/gcc/arm-none-eabi/11.3.1/../../../../arm-none-eabi/include/stdlib.h:173:47: note: expected 'const char * restrict' but argument is of type 'uint8_t *' {aka 'unsigned char *'}
  173 | unsigned long strtoul (const char *__restrict __n, char **__restrict __end_PTR, int __base);
      |                        ~~~~~~~~~~~~~~~~~~~~~~~^~~
../Core/Src/main.c:620:43: warning: pointer targets in passing argument 1 of 'strtoul' differ in signedness [-Wpointer-sign]
  620 |         int16_t pos5 = (int16_t) strtoul(p->pos5, NULL, 10);
      |                                          ~^~~~~~
      |                                           |
      |                                           uint8_t * {aka unsigned char *}
In file included from ../Core/Src/main.c:26:
C:\ST\STM32CubeIDE_1.13.2\STM32CubeIDE\plugins\com.st.stm32cube.ide.mcu.externaltools.gnu-tools-for-stm32.11.3.rel1.win32_1.1.1.202309131626\tools\bin/../lib/gcc/arm-none-eabi/11.3.1/../../../../arm-none-eabi/include/stdlib.h:173:47: note: expected 'const char * restrict' but argument is of type 'uint8_t *' {aka 'unsigned char *'}
  173 | unsigned long strtoul (const char *__restrict __n, char **__restrict __end_PTR, int __base);
      |                        ~~~~~~~~~~~~~~~~~~~~~~~^~~
../Core/Src/main.c:621:43: warning: pointer targets in passing argument 1 of 'strtoul' differ in signedness [-Wpointer-sign]
  621 |         int16_t pos6 = (int16_t) strtoul(p->pos6, NULL, 10);
      |                                          ~^~~~~~
      |                                           |
      |                                           uint8_t * {aka unsigned char *}
In file included from ../Core/Src/main.c:26:
C:\ST\STM32CubeIDE_1.13.2\STM32CubeIDE\plugins\com.st.stm32cube.ide.mcu.externaltools.gnu-tools-for-stm32.11.3.rel1.win32_1.1.1.202309131626\tools\bin/../lib/gcc/arm-none-eabi/11.3.1/../../../../arm-none-eabi/include/stdlib.h:173:47: note: expected 'const char * restrict' but argument is of type 'uint8_t *' {aka 'unsigned char *'}
  173 | unsigned long strtoul (const char *__restrict __n, char **__restrict __end_PTR, int __base);
      |                        ~~~~~~~~~~~~~~~~~~~~~~~^~~
../Core/Src/main.c: In function 'PosSaveDataDecode':
../Core/Src/main.c:656:31: warning: format '%d' expects argument of type 'int', but argument 2 has type 'int32_t' {aka 'long int'} [-Wformat=]
  656 |         printf("Decode pos2: %d", data->pos2);
      |                              ~^   ~~~~~~~~~~
      |                               |       |
      |                               int     int32_t {aka long int}
      |                              %ld
../Core/Src/main.c: In function 'Motor':
../Core/Src/main.c:732:79: warning: passing argument 3 of 'osMessageQueueGet' makes pointer from integer without a cast [-Wint-conversion]
  732 |                 pos_data_event = osMessageQueueGet(pos_dataHandle, &pos_data, 2U, 10);
      |                                                                               ^~
      |                                                                               |
      |                                                                               unsigned int
In file included from ../Middlewares/Third_Party/FreeRTOS/Source/CMSIS_RTOS_V2/cmsis_os.h:155,
                 from ../Core/Src/main.c:21:
../Middlewares/Third_Party/FreeRTOS/Source/CMSIS_RTOS_V2/cmsis_os2.h:697:81: note: expected 'uint8_t *' {aka 'unsigned char *'} but argument is of type 'unsigned int'
  697 | osStatus_t osMessageQueueGet (osMessageQueueId_t mq_id, void *msg_ptr, uint8_t *msg_prio, uint32_t timeout);
      |                                                                        ~~~~~~~~~^~~~~~~~
../Core/Src/main.c:733:86: warning: passing argument 3 of 'osMessageQueueGet' makes pointer from integer without a cast [-Wint-conversion]
  733 |                 pos_single_event = osMessageQueueGet(pos_singleHandle, &single_data, 2U,
      |                                                                                      ^~
      |                                                                                      |
      |                                                                                      unsigned int
In file included from ../Middlewares/Third_Party/FreeRTOS/Source/CMSIS_RTOS_V2/cmsis_os.h:155,
                 from ../Core/Src/main.c:21:
../Middlewares/Third_Party/FreeRTOS/Source/CMSIS_RTOS_V2/cmsis_os2.h:697:81: note: expected 'uint8_t *' {aka 'unsigned char *'} but argument is of type 'unsigned int'
  697 | osStatus_t osMessageQueueGet (osMessageQueueId_t mq_id, void *msg_ptr, uint8_t *msg_prio, uint32_t timeout);
      |                                                                        ~~~~~~~~~^~~~~~~~
../Core/Src/main.c:735:85: warning: passing argument 3 of 'osMessageQueueGet' makes pointer from integer without a cast [-Wint-conversion]
  735 |                 voice_data_event = osMessageQueueGet(voice_dataHandle, &voice_data, 3U,
      |                                                                                     ^~
      |                                                                                     |
      |                                                                                     unsigned int
In file included from ../Middlewares/Third_Party/FreeRTOS/Source/CMSIS_RTOS_V2/cmsis_os.h:155,
                 from ../Core/Src/main.c:21:
../Middlewares/Third_Party/FreeRTOS/Source/CMSIS_RTOS_V2/cmsis_os2.h:697:81: note: expected 'uint8_t *' {aka 'unsigned char *'} but argument is of type 'unsigned int'
  697 | osStatus_t osMessageQueueGet (osMessageQueueId_t mq_id, void *msg_ptr, uint8_t *msg_prio, uint32_t timeout);
      |                                                                        ~~~~~~~~~^~~~~~~~
../Core/Src/main.c:782:51: warning: format '%d' expects argument of type 'int', but argument 2 has type 'int32_t' {aka 'long int'} [-Wformat=]
  782 |                         printf("Robot set motor: %d. %d. %d. %d. %d. %d\r\n", pos_data.pos1,
      |                                                  ~^                           ~~~~~~~~~~~~~
      |                                                   |                                   |
      |                                                   int                                 int32_t {aka long int}
      |                                                  %ld
../Core/Src/main.c:782:55: warning: format '%d' expects argument of type 'int', but argument 3 has type 'int32_t' {aka 'long int'} [-Wformat=]
  782 |                         printf("Robot set motor: %d. %d. %d. %d. %d. %d\r\n", pos_data.pos1,
      |                                                      ~^
      |                                                       |
      |                                                       int
      |                                                      %ld
  783 |                                         pos_data.pos2, pos_data.pos3, pos_data.pos4, pos_data.pos5,
      |                                         ~~~~~~~~~~~~~  
      |                                                 |
      |                                                 int32_t {aka long int}
../Core/Src/main.c:782:59: warning: format '%d' expects argument of type 'int', but argument 4 has type 'int32_t' {aka 'long int'} [-Wformat=]
  782 |                         printf("Robot set motor: %d. %d. %d. %d. %d. %d\r\n", pos_data.pos1,
      |                                                          ~^
      |                                                           |
      |                                                           int
      |                                                          %ld
  783 |                                         pos_data.pos2, pos_data.pos3, pos_data.pos4, pos_data.pos5,
      |                                                        ~~~~~~~~~~~~~
      |                                                                |
      |                                                                int32_t {aka long int}
../Core/Src/main.c:782:63: warning: format '%d' expects argument of type 'int', but argument 5 has type 'int32_t' {aka 'long int'} [-Wformat=]
  782 |                         printf("Robot set motor: %d. %d. %d. %d. %d. %d\r\n", pos_data.pos1,
      |                                                              ~^
      |                                                               |
      |                                                               int
      |                                                              %ld
  783 |                                         pos_data.pos2, pos_data.pos3, pos_data.pos4, pos_data.pos5,
      |                                                                       ~~~~~~~~~~~~~
      |                                                                               |
      |                                                                               int32_t {aka long int}
../Core/Src/main.c:782:67: warning: format '%d' expects argument of type 'int', but argument 6 has type 'int32_t' {aka 'long int'} [-Wformat=]
  782 |                         printf("Robot set motor: %d. %d. %d. %d. %d. %d\r\n", pos_data.pos1,
      |                                                                  ~^
      |                                                                   |
      |                                                                   int
      |                                                                  %ld
  783 |                                         pos_data.pos2, pos_data.pos3, pos_data.pos4, pos_data.pos5,
      |                                                                                      ~~~~~~~~~~~~~
      |                                                                                              |
      |                                                                                              int32_t {aka long int}
../Core/Src/main.c:782:71: warning: format '%d' expects argument of type 'int', but argument 7 has type 'int32_t' {aka 'long int'} [-Wformat=]
  782 |                         printf("Robot set motor: %d. %d. %d. %d. %d. %d\r\n", pos_data.pos1,
      |                                                                      ~^
      |                                                                       |
      |                                                                       int
      |                                                                      %ld
  783 |                                         pos_data.pos2, pos_data.pos3, pos_data.pos4, pos_data.pos5,
  784 |                                         pos_data.pos6);
      |                                         ~~~~~~~~~~~~~                  
      |                                                 |
      |                                                 int32_t {aka long int}
../Core/Src/main.c:866:59: warning: format '%d' expects argument of type 'int', but argument 2 has type 'int32_t' {aka 'long int'} [-Wformat=]
  866 |                                 printf("Robot set motor: %d. %d. %d. %d. %d. %d\r\n",
      |                                                          ~^
      |                                                           |
      |                                                           int
      |                                                          %ld
  867 |                                                 decode_data.pos1, decode_data.pos2, decode_data.pos3,
      |                                                 ~~~~~~~~~~~~~~~~
      |                                                            |
      |                                                            int32_t {aka long int}
../Core/Src/main.c:866:63: warning: format '%d' expects argument of type 'int', but argument 3 has type 'int32_t' {aka 'long int'} [-Wformat=]
  866 |                                 printf("Robot set motor: %d. %d. %d. %d. %d. %d\r\n",
      |                                                              ~^
      |                                                               |
      |                                                               int
      |                                                              %ld
  867 |                                                 decode_data.pos1, decode_data.pos2, decode_data.pos3,
      |                                                                   ~~~~~~~~~~~~~~~~
      |                                                                              |
      |                                                                              int32_t {aka long int}
../Core/Src/main.c:866:67: warning: format '%d' expects argument of type 'int', but argument 4 has type 'int32_t' {aka 'long int'} [-Wformat=]
  866 |                                 printf("Robot set motor: %d. %d. %d. %d. %d. %d\r\n",
      |                                                                  ~^
      |                                                                   |
      |                                                                   int
      |                                                                  %ld
  867 |                                                 decode_data.pos1, decode_data.pos2, decode_data.pos3,
      |                                                                                     ~~~~~~~~~~~~~~~~
      |                                                                                                |
      |                                                                                                int32_t {aka long int}
../Core/Src/main.c:866:71: warning: format '%d' expects argument of type 'int', but argument 5 has type 'int32_t' {aka 'long int'} [-Wformat=]
  866 |                                 printf("Robot set motor: %d. %d. %d. %d. %d. %d\r\n",
      |                                                                      ~^
      |                                                                       |
      |                                                                       int
      |                                                                      %ld
  867 |                                                 decode_data.pos1, decode_data.pos2, decode_data.pos3,
  868 |                                                 decode_data.pos4, decode_data.pos5, decode_data.pos6);
      |                                                 ~~~~~~~~~~~~~~~~       
      |                                                            |
      |                                                            int32_t {aka long int}
../Core/Src/main.c:866:75: warning: format '%d' expects argument of type 'int', but argument 6 has type 'int32_t' {aka 'long int'} [-Wformat=]
  866 |                                 printf("Robot set motor: %d. %d. %d. %d. %d. %d\r\n",
      |                                                                          ~^
      |                                                                           |
      |                                                                           int
      |                                                                          %ld
  867 |                                                 decode_data.pos1, decode_data.pos2, decode_data.pos3,
  868 |                                                 decode_data.pos4, decode_data.pos5, decode_data.pos6);
      |                                                                   ~~~~~~~~~~~~~~~~
      |                                                                              |
      |                                                                              int32_t {aka long int}
../Core/Src/main.c:866:79: warning: format '%d' expects argument of type 'int', but argument 7 has type 'int32_t' {aka 'long int'} [-Wformat=]
  866 |                                 printf("Robot set motor: %d. %d. %d. %d. %d. %d\r\n",
      |                                                                              ~^
      |                                                                               |
      |                                                                               int
      |                                                                              %ld
  867 |                                                 decode_data.pos1, decode_data.pos2, decode_data.pos3,
  868 |                                                 decode_data.pos4, decode_data.pos5, decode_data.pos6);
      |                                                                                     ~~~~~~~~~~~~~~~~
      |                                                                                                |
      |                                                                                                int32_t {aka long int}
../Core/Src/main.c: In function 'DataParse':
../Core/Src/main.c:918:79: warning: passing argument 3 of 'osMessageQueueGet' makes pointer from integer without a cast [-Wint-conversion]
  918 |                 voice_it_event = osMessageQueueGet(voice_ITHandle, &voice_it, 1U, 10);
      |                                                                               ^~
      |                                                                               |
      |                                                                               unsigned int
In file included from ../Middlewares/Third_Party/FreeRTOS/Source/CMSIS_RTOS_V2/cmsis_os.h:155,
                 from ../Core/Src/main.c:21:
../Middlewares/Third_Party/FreeRTOS/Source/CMSIS_RTOS_V2/cmsis_os2.h:697:81: note: expected 'uint8_t *' {aka 'unsigned char *'} but argument is of type 'unsigned int'
  697 | osStatus_t osMessageQueueGet (osMessageQueueId_t mq_id, void *msg_ptr, uint8_t *msg_prio, uint32_t timeout);
      |                                                                        ~~~~~~~~~^~~~~~~~
../Core/Src/main.c:975:51: warning: pointer targets in passing argument 1 of 'strcmp' differ in signedness [-Wpointer-sign]
  975 |                         } else if (!(strcmp(ble_it.cmd, "STOP"))) {
      |                                             ~~~~~~^~~~
      |                                                   |
      |                                                   uint8_t * {aka unsigned char *}
In file included from ../Core/Src/main.c:27:
C:\ST\STM32CubeIDE_1.13.2\STM32CubeIDE\plugins\com.st.stm32cube.ide.mcu.externaltools.gnu-tools-for-stm32.11.3.rel1.win32_1.1.1.202309131626\tools\bin/../lib/gcc/arm-none-eabi/11.3.1/../../../../arm-none-eabi/include/string.h:36:18: note: expected 'const char *' but argument is of type 'uint8_t *' {aka 'unsigned char *'}
   36 | int      strcmp (const char *, const char *);
      |                  ^~~~~~~~~~~~
../Core/Src/main.c:981:51: warning: pointer targets in passing argument 1 of 'strcmp' differ in signedness [-Wpointer-sign]
  981 |                         } else if (!(strcmp(ble_it.cmd, "SET"))) {
      |                                             ~~~~~~^~~~
      |                                                   |
      |                                                   uint8_t * {aka unsigned char *}
In file included from ../Core/Src/main.c:27:
C:\ST\STM32CubeIDE_1.13.2\STM32CubeIDE\plugins\com.st.stm32cube.ide.mcu.externaltools.gnu-tools-for-stm32.11.3.rel1.win32_1.1.1.202309131626\tools\bin/../lib/gcc/arm-none-eabi/11.3.1/../../../../arm-none-eabi/include/string.h:36:18: note: expected 'const char *' but argument is of type 'uint8_t *' {aka 'unsigned char *'}
   36 | int      strcmp (const char *, const char *);
      |                  ^~~~~~~~~~~~
../Core/Src/main.c:989:51: warning: pointer targets in passing argument 1 of 'strcmp' differ in signedness [-Wpointer-sign]
  989 |                         } else if (!(strcmp(ble_it.cmd, "SAV"))) {
      |                                             ~~~~~~^~~~
      |                                                   |
      |                                                   uint8_t * {aka unsigned char *}
In file included from ../Core/Src/main.c:27:
C:\ST\STM32CubeIDE_1.13.2\STM32CubeIDE\plugins\com.st.stm32cube.ide.mcu.externaltools.gnu-tools-for-stm32.11.3.rel1.win32_1.1.1.202309131626\tools\bin/../lib/gcc/arm-none-eabi/11.3.1/../../../../arm-none-eabi/include/string.h:36:18: note: expected 'const char *' but argument is of type 'uint8_t *' {aka 'unsigned char *'}
   36 | int      strcmp (const char *, const char *);
      |                  ^~~~~~~~~~~~
../Core/Src/main.c:998:51: warning: pointer targets in passing argument 1 of 'strcmp' differ in signedness [-Wpointer-sign]
  998 |                         } else if (!(strcmp(ble_it.cmd, "DEL"))) {
      |                                             ~~~~~~^~~~
      |                                                   |
      |                                                   uint8_t * {aka unsigned char *}
In file included from ../Core/Src/main.c:27:
C:\ST\STM32CubeIDE_1.13.2\STM32CubeIDE\plugins\com.st.stm32cube.ide.mcu.externaltools.gnu-tools-for-stm32.11.3.rel1.win32_1.1.1.202309131626\tools\bin/../lib/gcc/arm-none-eabi/11.3.1/../../../../arm-none-eabi/include/string.h:36:18: note: expected 'const char *' but argument is of type 'uint8_t *' {aka 'unsigned char *'}
   36 | int      strcmp (const char *, const char *);
      |                  ^~~~~~~~~~~~
../Core/Src/main.c:1018:51: warning: pointer targets in passing argument 1 of 'strcmp' differ in signedness [-Wpointer-sign]
 1018 |                         } else if (!(strcmp(ble_it.cmd, "RSET"))) {
      |                                             ~~~~~~^~~~
      |                                                   |
      |                                                   uint8_t * {aka unsigned char *}
In file included from ../Core/Src/main.c:27:
C:\ST\STM32CubeIDE_1.13.2\STM32CubeIDE\plugins\com.st.stm32cube.ide.mcu.externaltools.gnu-tools-for-stm32.11.3.rel1.win32_1.1.1.202309131626\tools\bin/../lib/gcc/arm-none-eabi/11.3.1/../../../../arm-none-eabi/include/string.h:36:18: note: expected 'const char *' but argument is of type 'uint8_t *' {aka 'unsigned char *'}
   36 | int      strcmp (const char *, const char *);
      |                  ^~~~~~~~~~~~
arm-none-eabi-gcc -o "6_Axis_Firmware.elf" @"objects.list"   -mcpu=cortex-m4 -T"C:\Users\KkangJun\Desktop\Project\6_Axis_Robot\Program\6_Axis_Firmware\STM32F407VETX_FLASH.ld" --specs=nosys.specs -Wl,-Map="6_Axis_Firmware.map" -Wl,--gc-sections -static --specs=nano.specs -mfpu=fpv4-sp-d16 -mfloat-abi=hard -mthumb -Wl,--start-group -lc -lm -Wl,--end-group
Finished building target: 6_Axis_Firmware.elf
 
arm-none-eabi-size   6_Axis_Firmware.elf 
arm-none-eabi-objdump -h -S  6_Axis_Firmware.elf  > "6_Axis_Firmware.list"
   text	   data	    bss	    dec	    hex	filename
  53588	    116	  21364	  75068	  1253c	6_Axis_Firmware.elf
Finished building: default.size.stdout
 
Finished building: 6_Axis_Firmware.list
 

10:17:55 Build Finished. 0 errors, 35 warnings. (took 972ms)

