11:07:20 **** Incremental Build of configuration Debug for project 6_Axis_Firmware ****
make -j16 all 
arm-none-eabi-gcc "../Core/Src/mg4005.c" -mcpu=cortex-m4 -std=gnu11 -g3 -DDEBUG -DUSE_HAL_DRIVER -DSTM32F407xx -c -I../Core/Inc -I../Drivers/STM32F4xx_HAL_Driver/Inc -I../Drivers/STM32F4xx_HAL_Driver/Inc/Legacy -I../Drivers/CMSIS/Device/ST/STM32F4xx/Include -I../Drivers/CMSIS/Include -I../Middlewares/Third_Party/FreeRTOS/Source/include -I../Middlewares/Third_Party/FreeRTOS/Source/CMSIS_RTOS_V2 -I../Middlewares/Third_Party/FreeRTOS/Source/portable/GCC/ARM_CM4F -O0 -ffunction-sections -fdata-sections -Wall -fstack-usage -fcyclomatic-complexity -MMD -MP -MF"Core/Src/mg4005.d" -MT"Core/Src/mg4005.o" --specs=nano.specs -mfpu=fpv4-sp-d16 -mfloat-abi=hard -mthumb -o "Core/Src/mg4005.o"
arm-none-eabi-gcc -o "6_Axis_Firmware.elf" @"objects.list"   -mcpu=cortex-m4 -T"C:\Users\KkangJun\Desktop\Project\6_Axis_Robot\Program\6_Axis_Firmware\STM32F407VETX_FLASH.ld" --specs=nosys.specs -Wl,-Map="6_Axis_Firmware.map" -Wl,--gc-sections -static --specs=nano.specs -mfpu=fpv4-sp-d16 -mfloat-abi=hard -mthumb -Wl,--start-group -lc -lm -Wl,--end-group
Finished building target: 6_Axis_Firmware.elf
 
arm-none-eabi-size   6_Axis_Firmware.elf 
arm-none-eabi-objdump -h -S  6_Axis_Firmware.elf  > "6_Axis_Firmware.list"
   text	   data	    bss	    dec	    hex	filename
  53588	    116	  21364	  75068	  1253c	6_Axis_Firmware.elf
Finished building: default.size.stdout
 
Finished building: 6_Axis_Firmware.list
 

11:07:21 Build Finished. 0 errors, 0 warnings. (took 866ms)

