../Core/Src/mg4005.c:10:6:InitCANFilter	8	static
../Core/Src/mg4005.c:28:6:MG4005Commend	16	static
../Core/Src/mg4005.c:49:6:MG4005Off	24	static
../Core/Src/mg4005.c:54:6:MG4005On	24	static
../Core/Src/mg4005.c:59:6:MG4005Stop	24	static
../Core/Src/mg4005.c:64:6:MG4005BrakeAct	24	static
../Core/Src/mg4005.c:70:6:MG4005BrakeDeact	24	static
../Core/Src/mg4005.c:76:6:MG4005MultiLoop2	24	static
../Core/Src/mg4005.c:97:6:MG4005SingleLoop2	24	static
../Core/Src/mg4005.c:112:6:MG4005Incremental2	24	static
../Core/Src/mg4005.c:126:6:MG4005ReadEncoder	24	static
../Core/Src/mg4005.c:131:6:MG4005SetZeroPosROM	24	static
../Core/Src/mg4005.c:136:6:MG4005SetZeroPosRAM	24	static
../Core/Src/mg4005.c:148:6:MG4005ReadMultiLoop	24	static
../Core/Src/mg4005.c:153:6:MG4005ReadSingleLoop	24	static
../Core/Src/mg4005.c:158:6:MG4005GetEncoderVal	16	static
../Core/Src/mg4005.c:169:6:MG4005GetMultiVal	144	static
../Core/Src/mg4005.c:176:6:MG4005GetSingleVal	16	static
